<html>
<body>
<pre>
<h1>µVision Build Log</h1>
<h2>Project:</h2>
C:\Users\Soccerferrari\Desktop\Homework\2014-15\Spring\Rasware SVN\RegionV2015\Movement\Region V.uvproj
Project File Date:  04/12/2015

<h2>Output:</h2>
Rebuild target 'RASDemo'
compiling Startup.c...
compiling Main.c...
Main.c(199): warning:  #111-D: statement is unreachable
        sprint();
Main.c(176): warning:  #177-D: variable "speed" was declared but never referenced
        double speed = .15;
Main.c(234): warning:  #177-D: variable "stop" was declared but never referenced
        bool stop = true;
Main.c(290): warning:  #550-D: variable "curve" was set but never used
        int curve[8];   
Main.c(425): warning:  #177-D: variable "i" was declared but never referenced
        int i;
Main.c(426): warning:  #177-D: variable "curve" was declared but never referenced
        int curve[8];   
Main.c(427): warning:  #177-D: variable "line" was declared but never referenced
        float line[8];
Main.c(428): warning:  #177-D: variable "curvetotal" was declared but never referenced
        int curvetotal;
Main.c(429): warning:  #177-D: variable "numLineSensor" was declared but never referenced
        int numLineSensor = 0;
Main.c: 9 warnings, 0 errors
linking...
Program Size: Code=26404 RO-data=2344 RW-data=868 ZI-data=13452  
".\RASDemo.axf" - 0 Error(s), 9 Warning(s).
Load "C:\\Users\\Soccerferrari\\Desktop\\Homework\\2014-15\\Spring\\Rasware SVN\\RegionV2015\\Movement\\RASDemo.axf" 
Connecting: Mode=JTAG, Speed=1000000Hz
Unable to initialize device!, error code=4
Error: Flash Download failed  -  Target DLL has been cancelled
</pre>
</body>
</html>
15\\Movement\\RASDemo.axf" 
Connecting: Mode=JTAG, Speed=1000000Hz
Unable to initialize device!, error code=1
Error: Flash Download failed  -  Target DLL has been cancelled
Load "C:\\Users\\Soccerferrari\\Desktop\\Homework\\2014-15\\Spring\\Rasware SVN\\RegionV2015\\Movement\\RASDemo.axf" 
Connecting: Mode=JTAG, Speed=1000000Hz
Unable to initialize device!, error code=4
Error: Flash Download failed  -  Target DLL has been cancelled
Load "C:\\Users\\Soccerferrari\\Desktop\\Homework\\2014-15\\Spring\\Rasware SVN\\RegionV2015\\Movement\\RASDemo.axf" 
Connecting: Mode=JTAG, Speed=1000000Hz
Unable to initialize device!, error code=4
Error: Flash Download failed  -  Target DLL has been cancelled
Load "C:\\Users\\Soccerferrari\\Desktop\\Homework\\2014-15\\Spring\\Rasware SVN\\RegionV2015\\Movement\\RASDemo.axf" 
Connecting: Mode=JTAG, Speed=1000000Hz
Unable to initialize device!, error code=4
Error: Flash Download failed  -  Target DLL has been cancelled
Load "C:\\Users\\Soccerferrari\\Desktop\\Homework\\2014-15\\Spring\\Rasware SVN\\RegionV2015\\Movement\\RASDemo.axf" 
Connecting: Mode=JTAG, Speed=1000000Hz
Unable to initialize device!, error code=4
Error: Flash Download failed  -  Target DLL has been cancelled
Load "C:\\Users\\Soccerferrari\\Desktop\\Homework\\2014-15\\Spring\\Rasware SVN\\RegionV2015\\Movement\\RASDemo.axf" 
Connecting: Mode=JTAG, Speed=1000000Hz
Unable to initialize device!, error code=4
Error: Flash Download failed  -  Target DLL has been cancelled
Load "C:\\Users\\Soccerferrari\\Desktop\\Homework\\2014-15\\Spring\\Rasware SVN\\RegionV2015\\Movement\\RASDemo.axf" 
Connecting: Mode=JTAG, Speed=1000000Hz
Unable to initialize device!, error code=4
Error: Flash Download failed  -  Target DLL has been cancelled
Load "C:\\Users\\Soccerferrari\\Desktop\\Homework\\2014-15\\Spring\\Rasware SVN\\RegionV2015\\Movement\\RASDemo.axf" 
Connecting: Mode=JTAG, Speed=1000000Hz
Unable to initialize device!, error code=4
Error: Flash Download failed  -  Target DLL has been cancelled
Load "C:\\Users\\Soccerferrari\\Desktop\\Homework\\2014-15\\Spring\\Rasware SVN\\RegionV2015\\Movement\\RASDemo.axf" 
Connecting: Mode=JTAG, Speed=1000000Hz
Unable to initialize device!, error code=4
Error: Flash Download failed  -  Target DLL has been cancelled
Load "C:\\Users\\Soccerferrari\\Desktop\\Homework\\2014-15\\Spring\\Rasware SVN\\RegionV2015\\Movement\\RASDemo.axf" 
Connecting: Mode=JTAG, Speed=1000000Hz
Unable to initialize device!, error code=4
Error: Flash Download failed  -  Target DLL has been cancelled
Load "C:\\Users\\Soccerferrari\\Desktop\\Homework\\2014-15\\Spring\\Rasware SVN\\RegionV2015\\Movement\\RASDemo.axf" 
Connecting: Mode=JTAG, Speed=1000000Hz
Unable to initialize device!, error code=4
Error: Flash Download failed  -  Target DLL has been cancelled
Load "C:\\Users\\Soccerferrari\\Desktop\\Homework\\2014-15\\Spring\\Rasware SVN\\RegionV2015\\Movement\\RASDemo.axf" 
Connecting: Mode=JTAG, Speed=1000000Hz
Unable to initialize device!, error code=4
Error: Flash Download failed  -  Target DLL has been cancelled
