<html>
<body>
<pre>
<h1>µVision Build Log</h1>
<h2>Project:</h2>
C:\Users\Soccerferrari\Desktop\Homework\2014-15\Spring\Rasware SVN\RegionV2015\Movement\Region V.uvproj
Project File Date:  04/04/2015

<h2>Output:</h2>
Rebuild target 'RASDemo'
compiling Startup.c...
compiling Main.c...
Main.c(24): warning:  #177-D: variable "gls" was declared but never referenced
  static tLineSensor *gls;
Main.c: 1 warning, 0 errors
linking...
Program Size: Code=22964 RO-data=2280 RW-data=840 ZI-data=9752  
".\RASDemo.axf" - 0 Error(s), 1 Warning(s).
</pre>
</body>
</html>
rari\\Desktop\\Homework\\2014-15\\Spring\\Rasware SVN\\RegionV2015\\Movement\\RASDemo.axf" 
Connecting: Mode=JTAG, Speed=1000000Hz
Erase Done.
Programming Done.
Verify OK.
