ARM Linker, 5.03 [Build 76] [MDK-ARM Lite]

==============================================================================

Section Cross References

    startup.o(.text) refers to common.o(.text) for InitializeMCU
    startup.o(.text) refers to main.o(.text) for main
    startup.o(.isr_vector) refers to startup.o(.bss) for pulStack
    startup.o(.isr_vector) refers to startup.o(.text) for ResetHandler
    startup.o(.isr_vector) refers to time.o(.text) for SysTickHandler
    startup.o(.isr_vector) refers to gpio.o(.text) for PortAHandler
    startup.o(.isr_vector) refers to i2c.o(.text) for I2C0Handler
    startup.o(.isr_vector) refers to adc.o(.text) for ADC0SS0Handler
    startup.o(.isr_vector) refers to pwm.o(.text) for WTimer0AHandler
    main.o(.text) refers to linesensor.o(.text) for InitializeGPIOLineSensor
    main.o(.text) refers to adc.o(.text) for InitializeADC
    main.o(.text) refers to motor.o(.text) for InitializeServoMotor
    main.o(.text) refers to h1_free.o(.text) for free
    main.o(.text) refers to main.o(.data) for gls
    main.o(.text) refers to main.o(.bss) for pastCells
    motor.o(.text) refers to tlemotor.o(.text) for _InitializeTLEMotor
    motor.o(.text) refers to servomotor.o(.text) for _InitializeServoMotor
    adc.o(.text) refers to sysctl.o(i.SysCtlPeripheralEnable) for SysCtlPeripheralEnable
    adc.o(.text) refers to adc.o(i.ADCHardwareOversampleConfigure) for ADCHardwareOversampleConfigure
    adc.o(.text) refers to interrupt.o(i.IntEnable) for IntEnable
    adc.o(.text) refers to adc.o(i.ADCIntEnable) for ADCIntEnable
    adc.o(.text) refers to gpio.o(i.GPIOPinTypeADC) for GPIOPinTypeADC
    adc.o(.text) refers to adc.o(i.ADCSequenceConfigure) for ADCSequenceConfigure
    adc.o(.text) refers to adc.o(i.ADCSequenceStepConfigure) for ADCSequenceStepConfigure
    adc.o(.text) refers to adc.o(i.ADCSequenceEnable) for ADCSequenceEnable
    adc.o(.text) refers to adc.o(i.ADCProcessorTrigger) for ADCProcessorTrigger
    adc.o(.text) refers to adc.o(i.ADCIntClear) for ADCIntClear
    adc.o(.text) refers to adc.o(i.ADCSequenceDataGet) for ADCSequenceDataGet
    adc.o(.text) refers to adc.o(i.ADCSequenceDisable) for ADCSequenceDisable
    adc.o(.text) refers to time.o(.text) for CallStop
    adc.o(.text) refers to ffixull.o(x$fpl$llufromf) for __aeabi_f2ulz
    adc.o(.text) refers to adc.o(.constdata) for .constdata
    adc.o(.text) refers to adc.o(.data) for .data
    adc.o(.text) refers to adc.o(.bss) for .bss
    adc.o(.text) refers to gpio.o(.constdata) for PIN_PORTS
    adc.o(.text) refers to common.o(.text) for Dummy
    time.o(.text) refers to sysctl.o(i.SysCtlClockGet) for SysCtlClockGet
    time.o(.text) refers to lludivv7m.o(.text) for __aeabi_uldivmod
    time.o(.text) refers to sysctl.o(i.SysCtlPeripheralEnable) for SysCtlPeripheralEnable
    time.o(.text) refers to timer.o(i.TimerConfigure) for TimerConfigure
    time.o(.text) refers to timer.o(i.TimerIntDisable) for TimerIntDisable
    time.o(.text) refers to interrupt.o(i.IntEnable) for IntEnable
    time.o(.text) refers to systick.o(i.SysTickPeriodSet) for SysTickPeriodSet
    time.o(.text) refers to systick.o(i.SysTickIntEnable) for SysTickIntEnable
    time.o(.text) refers to systick.o(i.SysTickEnable) for SysTickEnable
    time.o(.text) refers to systick.o(i.SysTickValueGet) for SysTickValueGet
    time.o(.text) refers to ffltll_clz.o(x$fpl$ffltll) for __aeabi_ul2f
    time.o(.text) refers to timer.o(i.TimerLoadSet64) for TimerLoadSet64
    time.o(.text) refers to timer.o(i.TimerIntEnable) for TimerIntEnable
    time.o(.text) refers to timer.o(i.TimerEnable) for TimerEnable
    time.o(.text) refers to timer.o(i.TimerIntClear) for TimerIntClear
    time.o(.text) refers to ffixull.o(x$fpl$llufromf) for __aeabi_f2ulz
    time.o(.text) refers to time.o(.data) for .data
    time.o(.text) refers to time.o(.bss) for .bss
    gpio.o(.text) refers to gpio.o(i.GPIOPinIntStatus) for GPIOPinIntStatus
    gpio.o(.text) refers to gpio.o(i.GPIOPinIntClear) for GPIOPinIntClear
    gpio.o(.text) refers to sysctl.o(i.SysCtlPeripheralEnable) for SysCtlPeripheralEnable
    gpio.o(.text) refers to interrupt.o(i.IntEnable) for IntEnable
    gpio.o(.text) refers to gpio.o(i.GPIOPinTypeGPIOInput) for GPIOPinTypeGPIOInput
    gpio.o(.text) refers to gpio.o(i.GPIOPinRead) for GPIOPinRead
    gpio.o(.text) refers to gpio.o(i.GPIOPinTypeGPIOOutput) for GPIOPinTypeGPIOOutput
    gpio.o(.text) refers to gpio.o(i.GPIOPinWrite) for GPIOPinWrite
    gpio.o(.text) refers to gpio.o(i.GPIOPadConfigSet) for GPIOPadConfigSet
    gpio.o(.text) refers to gpio.o(i.GPIOPinIntDisable) for GPIOPinIntDisable
    gpio.o(.text) refers to gpio.o(i.GPIOIntTypeSet) for GPIOIntTypeSet
    gpio.o(.text) refers to gpio.o(i.GPIOPinIntEnable) for GPIOPinIntEnable
    gpio.o(.text) refers to gpio.o(.bss) for .bss
    gpio.o(.text) refers to common.o(.text) for Dummy
    gpio.o(.text) refers to gpio.o(.constdata) for .constdata
[...]
    .ARM.Collect$$rtentry$$0000000A          0x000002f2   Section        4  rtentry2.o(.ARM.Collect$$rtentry$$0000000A)
    .ARM.Collect$$rtentry$$0000000C          0x000002f6   Section        0  rtentry2.o(.ARM.Collect$$rtentry$$0000000C)
    .ARM.Collect$$rtentry$$0000000D          0x000002f6   Section        8  rtentry2.o(.ARM.Collect$$rtentry$$0000000D)
    .ARM.Collect$$rtexit$$00000000           0x000002fe   Section        2  rtexit.o(.ARM.Collect$$rtexit$$00000000)
    .ARM.Collect$$rtexit$$00000002           0x00000300   Section        0  rtexit2.o(.ARM.Collect$$rtexit$$00000002)
    .ARM.Collect$$rtexit$$00000003           0x00000300   Section        4  rtexit2.o(.ARM.Collect$$rtexit$$00000003)
    .ARM.Collect$$rtexit$$00000004           0x00000304   Section        6  rtexit2.o(.ARM.Collect$$rtexit$$00000004)
    .emb_text                                0x0000030c   Section        6  sysctl.o(.emb_text)
    $v0                                      0x0000030c   Number         0  sysctl.o(.emb_text)
    .emb_text                                0x00000314   Section       38  cpu.o(.emb_text)
    $v0                                      0x00000314   Number         0  cpu.o(.emb_text)
    .text                                    0x0000033c   Section        0  startup.o(.text)
    .text                                    0x0000039c   Section        0  main.o(.text)
    .text                                    0x000006ec   Section        0  motor.o(.text)
    .text                                    0x000006f8   Section        0  adc.o(.text)
    SetupContinuous                          0x00000797   Thumb Code    82  adc.o(.text)
    TriggerSingle                            0x000007e9   Thumb Code    60  adc.o(.text)
    .text                                    0x00000a64   Section        0  time.o(.text)
    SetNextTaskInt                           0x00000b41   Thumb Code    80  time.o(.text)
    WaitHandler                              0x00000cff   Thumb Code     6  time.o(.text)
    RegisterTask                             0x00000d3b   Thumb Code    50  time.o(.text)
    .text                                    0x00000d90   Section        0  gpio.o(.text)
    CallOnPinType                            0x00001043   Thumb Code   104  gpio.o(.text)
    .text                                    0x000010e8   Section        0  pwm.o(.text)
    MoveEventBackward                        0x000010e9   Thumb Code    58  pwm.o(.text)
    MoveEventForward                         0x00001123   Thumb Code    60  pwm.o(.text)
    InitializePWMModule                      0x00001661   Thumb Code   120  pwm.o(.text)
    .text                                    0x000016e4   Section        0  i2c.o(.text)
    InitializeI2CModule                      0x000016e5   Thumb Code   108  i2c.o(.text)
    I2CRequestHandler                        0x00001c79   Thumb Code    24  i2c.o(.text)
    .text                                    0x00001d04   Section        0  common.o(.text)
    DefaultFault                             0x00001d2f   Thumb Code     8  common.o(.text)
    .text                                    0x00001d48   Section        0  linesensor.o(.text)
    .text                                    0x00001d8c   Section        0  uart.o(.text)
    DoubleFloat                              0x00001dcd   Thumb Code    84  uart.o(.text)
    PutString                                0x00002311   Thumb Code    80  uart.o(.text)
    PutBase                                  0x00002361   Thumb Code   102  uart.o(.text)
    PutNormalFloat                           0x000023c7   Thumb Code   230  uart.o(.text)
    PutScienceFloat                          0x000024ad   Thumb Code   312  uart.o(.text)
    DoubleTest                               0x000027e3   Thumb Code    44  uart.o(.text)
    GetInt                                   0x0000280f   Thumb Code    36  uart.o(.text)
    Pad                                      0x00002833   Thumb Code    24  uart.o(.text)
    SizeNum                                  0x0000284b   Thumb Code    18  uart.o(.text)
    PutNum                                   0x0000285d   Thumb Code    44  uart.o(.text)
    .text                                    0x00002888   Section        0  i2clinesensor.o(.text)
    I2CLineSensorHandler                     0x00002889   Thumb Code    98  i2clinesensor.o(.text)
    I2CLineSensorRead                        0x000028eb   Thumb Code   108  i2clinesensor.o(.text)
    I2CLineSensorReadArray                   0x00002957   Thumb Code   106  i2clinesensor.o(.text)
    SingleReadHandler                        0x000029c1   Thumb Code     8  i2clinesensor.o(.text)
    ContinuousReadHandler                    0x000029c9   Thumb Code     8  i2clinesensor.o(.text)
    I2CLineSensorReadContinuouslyUS          0x000029d1   Thumb Code    44  i2clinesensor.o(.text)
    I2CLineSensorReadContinuously            0x000029fd   Thumb Code    36  i2clinesensor.o(.text)
    I2CLineSensorBackgroundRead              0x00002a5d   Thumb Code    32  i2clinesensor.o(.text)
    .text                                    0x00002ab8   Section        0  gpiolinesensor.o(.text)
    PinHandler                               0x00002ab9   Thumb Code    88  gpiolinesensor.o(.text)
    TimeoutHandler                           0x00002b11   Thumb Code    38  gpiolinesensor.o(.text)
    PulseHandler                             0x00002b37   Thumb Code    56  gpiolinesensor.o(.text)
    GPIOLineSensorBackgroundRead             0x00002b6f   Thumb Code    68  gpiolinesensor.o(.text)
    GPIOLineSensorRead                       0x00002bb3   Thumb Code   170  gpiolinesensor.o(.text)
    GPIOLineSensorReadArray                  0x00002c5d   Thumb Code   154  gpiolinesensor.o(.text)
    CalculateSingleRead                      0x00002cf7   Thumb Code    86  gpiolinesensor.o(.text)
    SingleReadHandler                        0x00002d4d   Thumb Code     6  gpiolinesensor.o(.text)
    ContinuousReadHandler                    0x00002d53   Thumb Code    20  gpiolinesensor.o(.text)
    GPIOLineSensorReadContinuouslyUS         0x00002d67   Thumb Code    44  gpiolinesensor.o(.text)
    GPIOLineSensorReadContinuously           0x00002d93   Thumb Code    36  gpiolinesensor.o(.text)
    .text                                    0x00002e7c   Section        0  servomotor.o(.text)
    SetServoMotor                            0x00002e7d   Thumb Code    56  servomotor.o(.text)
    .text                                    0x00002f08   Section        0  tlemotor.o(.text)
    SetTLEMotor                              0x00002f09   Thumb Code   236  tlemotor.o(.text)
    .text                                    0x0000304c   Section        0  h1_free.o(.text)
    .text                                    0x0000309a   Section      238  lludivv7m.o(.text)
    .text                                    0x00003188   Section        8  rt_heap_descriptor_intlibspace.o(.text)
    .text                                    0x00003190   Section        0  _rserrno.o(.text)
    .text                                    0x000031a8   Section        8  libspace.o(.text)
    .text                                    0x000031b0   Section        8  rt_errno_addr_intlibspace.o(.text)
    .text                                    0x000031b8   Section       74  sys_stackheap_outer.o(.text)
    .text                                    0x00003202   Section        0  exit.o(.text)
    .text                                    0x00003210   Section        0  sys_exit.o(.text)
    .text                                    0x0000321c   Section        2  use_no_semi.o(.text)
    .text                                    0x0000321e   Section        0  indicate_semi.o(.text)
    .text                                    0x00003220   Section       48  sys_stackheap.o(.text)
    i.ADCHardwareOversampleConfigure         0x00003250   Section        0  adc.o(i.ADCHardwareOversampleConfigure)
    i.ADCIntClear                            0x0000325e   Section        0  adc.o(i.ADCIntClear)
    i.ADCIntEnable                           0x00003268   Section        0  adc.o(i.ADCIntEnable)
    i.ADCProcessorTrigger                    0x00003278   Section        0  adc.o(i.ADCProcessorTrigger)
    i.ADCSequenceConfigure                   0x00003298   Section        0  adc.o(i.ADCSequenceConfigure)
    i.ADCSequenceDataGet                     0x000032ca   Section        0  adc.o(i.ADCSequenceDataGet)
    i.ADCSequenceDisable                     0x000032ee   Section        0  adc.o(i.ADCSequenceDisable)
    i.ADCSequenceEnable                      0x000032fe   Section        0  adc.o(i.ADCSequenceEnable)
    i.ADCSequenceStepConfigure               0x0000330c   Section        0  adc.o(i.ADCSequenceStepConfigure)
    i.FPULazyStackingEnable                  0x00003390   Section        0  fpu.o(i.FPULazyStackingEnable)
    i.GPIODirModeSet                         0x000033a0   Section        0  gpio.o(i.GPIODirModeSet)
    i.GPIOIntTypeSet                         0x000033c8   Section        0  gpio.o(i.GPIOIntTypeSet)
    i.GPIOPadConfigSet                       0x00003402   Section        0  gpio.o(i.GPIOPadConfigSet)
    i.GPIOPinConfigure                       0x000034b4   Section        0  gpio.o(i.GPIOPinConfigure)
    i.GPIOPinIntClear                        0x000034fc   Section        0  gpio.o(i.GPIOPinIntClear)
    i.GPIOPinIntDisable                      0x00003502   Section        0  gpio.o(i.GPIOPinIntDisable)
    i.GPIOPinIntEnable                       0x00003510   Section        0  gpio.o(i.GPIOPinIntEnable)
    i.GPIOPinIntStatus                       0x0000351e   Section        0  gpio.o(i.GPIOPinIntStatus)
    i.GPIOPinRead                            0x0000352c   Section        0  gpio.o(i.GPIOPinRead)
    i.GPIOPinTypeADC                         0x00003532   Section        0  gpio.o(i.GPIOPinTypeADC)
    i.GPIOPinTypeGPIOInput                   0x0000354e   Section        0  gpio.o(i.GPIOPinTypeGPIOInput)
    i.GPIOPinTypeGPIOOutput                  0x0000356a   Section        0  gpio.o(i.GPIOPinTypeGPIOOutput)
    i.GPIOPinTypeI2C                         0x00003586   Section        0  gpio.o(i.GPIOPinTypeI2C)
    i.GPIOPinTypeI2CSCL                      0x000035a4   Section        0  gpio.o(i.GPIOPinTypeI2CSCL)
    i.GPIOPinTypeUART                        0x00003628   Section        0  gpio.o(i.GPIOPinTypeUART)
    i.GPIOPinWrite                           0x00003644   Section        0  gpio.o(i.GPIOPinWrite)
    i.I2CMasterControl                       0x0000364a   Section        0  i2c.o(i.I2CMasterControl)
    i.I2CMasterDataGet                       0x0000364e   Section        0  i2c.o(i.I2CMasterDataGet)
    i.I2CMasterDataPut                       0x00003652   Section        0  i2c.o(i.I2CMasterDataPut)
    i.I2CMasterEnable                        0x00003656   Section        0  i2c.o(i.I2CMasterEnable)
    i.I2CMasterErr                           0x00003660   Section        0  i2c.o(i.I2CMasterErr)
    i.I2CMasterInitExpClk                    0x00003678   Section        0  i2c.o(i.I2CMasterInitExpClk)
    i.I2CMasterIntClearEx                    0x000036cc   Section        0  i2c.o(i.I2CMasterIntClearEx)
    i.I2CMasterIntEnableEx                   0x000036d0   Section        0  i2c.o(i.I2CMasterIntEnableEx)
    i.I2CMasterIntStatusEx                   0x000036d8   Section        0  i2c.o(i.I2CMasterIntStatusEx)
    i.I2CMasterSlaveAddrSet                  0x000036e2   Section        0  i2c.o(i.I2CMasterSlaveAddrSet)
    i.I2CMasterTimeoutSet                    0x000036ea   Section        0  i2c.o(i.I2CMasterTimeoutSet)
    i.IntEnable                              0x000036f0   Section        0  interrupt.o(i.IntEnable)
    i.IntMasterEnable                        0x00003754   Section        0  interrupt.o(i.IntMasterEnable)
    i.SysCtlClockGet                         0x00003760   Section        0  sysctl.o(i.SysCtlClockGet)
    i.SysCtlClockSet                         0x00003990   Section        0  sysctl.o(i.SysCtlClockSet)
    i.SysCtlPeripheralEnable                 0x00003afc   Section        0  sysctl.o(i.SysCtlPeripheralEnable)
    i.SysCtlPeripheralReset                  0x00003b4c   Section        0  sysctl.o(i.SysCtlPeripheralReset)
    i.SysTickEnable                          0x00003bc4   Section        0  systick.o(i.SysTickEnable)
    i.SysTickIntEnable                       0x00003bd2   Section        0  systick.o(i.SysTickIntEnable)
    i.SysTickPeriodSet                       0x00003be0   Section        0  systick.o(i.SysTickPeriodSet)
    i.SysTickValueGet                        0x00003bea   Section        0  systick.o(i.SysTickValueGet)
    i.TimerConfigure                         0x00003bf2   Section        0  timer.o(i.TimerConfigure)
    i.TimerEnable                            0x00003c16   Section        0  timer.o(i.TimerEnable)
    i.TimerIntClear                          0x00003c24   Section        0  timer.o(i.TimerIntClear)
    i.TimerIntDisable                        0x00003c28   Section        0  timer.o(i.TimerIntDisable)
    i.TimerIntEnable                         0x00003c32   Section        0  timer.o(i.TimerIntEnable)
    i.TimerLoadSet                           0x00003c3a   Section        0  timer.o(i.TimerLoadSet)
    i.TimerLoadSet64                         0x00003c4c   Section        0  timer.o(i.TimerLoadSet64)
    i.UARTCharGet                            0x00003c52   Section        0  uart.o(i.UARTCharGet)
    i.UARTCharPut                            0x00003c5e   Section        0  uart.o(i.UARTCharPut)
    i.UARTCharsAvail                         0x00003c6a   Section        0  uart.o(i.UARTCharsAvail)
    i.UARTConfigSetExpClk                    0x00003c74   Section        0  uart.o(i.UARTConfigSetExpClk)
    i.__ARM_fpclassify                       0x00003ce2   Section        0  fpclassify.o(i.__ARM_fpclassify)
    i.__ARM_fpclassifyf                      0x00003d12   Section        0  fpclassifyf.o(i.__ARM_fpclassifyf)
    i.__ARM_isinff                           0x00003d38   Section        0  uart.o(i.__ARM_isinff)
    i.__ARM_isnanf                           0x00003d4a   Section        0  uart.o(i.__ARM_isnanf)
    i.__hardfp_floorf                        0x00003d58   Section        0  floorf.o(i.__hardfp_floorf)
    i.__hardfp_log10f                        0x00003dc8   Section        0  log10f.o(i.__hardfp_log10f)
    i.__hardfp_pow                           0x00003f50   Section        0  pow.o(i.__hardfp_pow)
    i.__hardfp_powf                          0x00004be0   Section        0  powf.o(i.__hardfp_powf)
    i.__kernel_poly                          0x00005214   Section        0  poly.o(i.__kernel_poly)
    i.__mathlib_dbl_underflow                0x00005310   Section        0  dunder.o(i.__mathlib_dbl_underflow)
    i.__mathlib_flt_underflow                0x00005330   Section        0  funder.o(i.__mathlib_flt_underflow)
    i.fabs                                   0x00005340   Section        0  fabs.o(i.fabs)
    i.sqrt                                   0x00005360   Section        0  sqrt.o(i.sqrt)
    x$fpl$basic                              0x000053ce   Section       24  basic.o(x$fpl$basic)
    $v0                                      0x000053ce   Number         0  basic.o(x$fpl$basic)
    x$fpl$d2f                                0x000053e8   Section       98  d2f.o(x$fpl$d2f)
    $v0                                      0x000053e8   Number         0  d2f.o(x$fpl$d2f)
    x$fpl$dadd                               0x0000544c   Section      336  daddsub_clz.o(x$fpl$dadd)
    $v0                                      0x0000544c   Number         0  daddsub_clz.o(x$fpl$dadd)
    _dadd1                                   0x0000545d   Thumb Code     0  daddsub_clz.o(x$fpl$dadd)
    x$fpl$dcheck1                            0x0000559c   Section       16  dcheck1.o(x$fpl$dcheck1)
    $v0                                      0x0000559c   Number         0  dcheck1.o(x$fpl$dcheck1)
    x$fpl$dcmpinf                            0x000055ac   Section       24  dcmpi.o(x$fpl$dcmpinf)
    $v0                                      0x000055ac   Number         0  dcmpi.o(x$fpl$dcmpinf)
    x$fpl$ddiv                               0x000055c4   Section      688  ddiv.o(x$fpl$ddiv)
    $v0                                      0x000055c4   Number         0  ddiv.o(x$fpl$ddiv)
    ddiv_entry                               0x000055cb   Thumb Code     0  ddiv.o(x$fpl$ddiv)
    x$fpl$dflt                               0x00005874   Section       46  dflt_clz.o(x$fpl$dflt)
    $v0                                      0x00005874   Number         0  dflt_clz.o(x$fpl$dflt)
    x$fpl$dfltu                              0x000058a2   Section       38  dflt_clz.o(x$fpl$dfltu)
    $v0                                      0x000058a2   Number         0  dflt_clz.o(x$fpl$dfltu)
    x$fpl$dleqf                              0x000058c8   Section      120  dleqf.o(x$fpl$dleqf)
    $v0                                      0x000058c8   Number         0  dleqf.o(x$fpl$dleqf)
    x$fpl$dmul                               0x00005940   Section      340  dmul.o(x$fpl$dmul)
    $v0                                      0x00005940   Number         0  dmul.o(x$fpl$dmul)
    x$fpl$dnaninf                            0x00005a94   Section      156  dnaninf.o(x$fpl$dnaninf)
    $v0                                      0x00005a94   Number         0  dnaninf.o(x$fpl$dnaninf)
    x$fpl$dretinf                            0x00005b30   Section       12  dretinf.o(x$fpl$dretinf)
    $v0                                      0x00005b30   Number         0  dretinf.o(x$fpl$dretinf)
    x$fpl$drleqf                             0x00005b3c   Section      108  drleqf.o(x$fpl$drleqf)
    $v0                                      0x00005b3c   Number         0  drleqf.o(x$fpl$drleqf)
    x$fpl$drsb                               0x00005ba8   Section       22  daddsub_clz.o(x$fpl$drsb)
    $v0                                      0x00005ba8   Number         0  daddsub_clz.o(x$fpl$drsb)
    x$fpl$dsqrt                              0x00005bc0   Section      408  dsqrt_umaal.o(x$fpl$dsqrt)
    $v0                                      0x00005bc0   Number         0  dsqrt_umaal.o(x$fpl$dsqrt)
    x$fpl$dsub                               0x00005d58   Section      468  daddsub_clz.o(x$fpl$dsub)
    $v0                                      0x00005d58   Number         0  daddsub_clz.o(x$fpl$dsub)
    _dsub1                                   0x00005d69   Thumb Code     0  daddsub_clz.o(x$fpl$dsub)
    x$fpl$f2d                                0x00005f2c   Section       86  f2d.o(x$fpl$f2d)
    $v0                                      0x00005f2c   Number         0  f2d.o(x$fpl$f2d)
    x$fpl$ffltll                             0x00005f82   Section       96  ffltll_clz.o(x$fpl$ffltll)
    $v0                                      0x00005f82   Number         0  ffltll_clz.o(x$fpl$ffltll)
    x$fpl$fnaninf                            0x00005fe2   Section      140  fnaninf.o(x$fpl$fnaninf)
    $v0                                      0x00005fe2   Number         0  fnaninf.o(x$fpl$fnaninf)
    x$fpl$fpinit                             0x0000606e   Section       10  fpinit.o(x$fpl$fpinit)
    $v0                                      0x0000606e   Number         0  fpinit.o(x$fpl$fpinit)
    x$fpl$fretinf                            0x00006078   Section       10  fretinf.o(x$fpl$fretinf)
    $v0                                      0x00006078   Number         0  fretinf.o(x$fpl$fretinf)
    x$fpl$llufromf                           0x00006084   Section       92  ffixull.o(x$fpl$llufromf)
    $v0                                      0x00006084   Number         0  ffixull.o(x$fpl$llufromf)
    x$fpl$retnan                             0x000060e0   Section      100  retnan.o(x$fpl$retnan)
    $v0                                      0x000060e0   Number         0  retnan.o(x$fpl$retnan)
    x$fpl$scalbn                             0x00006144   Section       92  scalbn.o(x$fpl$scalbn)
    $v0                                      0x00006144   Number         0  scalbn.o(x$fpl$scalbn)
    x$fpl$trapveneer                         0x000061a0   Section       48  trapv.o(x$fpl$trapveneer)
    $v0                                      0x000061a0   Number         0  trapv.o(x$fpl$trapveneer)
    .constdata                               0x000061d0   Section      192  adc.o(.constdata)
    x$fpl$usenofp                            0x000061d0   Section        0  usenofp.o(x$fpl$usenofp)
    CHANNELS                                 0x000061d0   Data         192  adc.o(.constdata)
    .constdata                               0x00006290   Section       24  gpio.o(.constdata)
    .constdata                               0x000062a8   Section      120  gpio.o(.constdata)
    g_pulGPIOBaseAddrs                       0x000062a8   Data         120  gpio.o(.constdata)
    .constdata                               0x00006320   Section      268  interrupt.o(.constdata)
    g_pulPriority                            0x00006320   Data          32  interrupt.o(.constdata)
    g_pulRegs                                0x00006340   Data         156  interrupt.o(.constdata)
    g_pulEnRegs                              0x000063dc   Data          20  interrupt.o(.constdata)
    g_pulDisRegs                             0x000063f0   Data          20  interrupt.o(.constdata)
    g_pulPendRegs                            0x00006404   Data          20  interrupt.o(.constdata)
    g_pulUnpendRegs                          0x00006418   Data          20  interrupt.o(.constdata)
    .constdata                               0x0000642c   Section      460  sysctl.o(.constdata)
    g_pulDCRegs                              0x0000642c   Data          16  sysctl.o(.constdata)
    g_pulSRCRRegs                            0x0000643c   Data          12  sysctl.o(.constdata)
    g_pulRCGCRegs                            0x00006448   Data          12  sysctl.o(.constdata)
    g_pulSCGCRegs                            0x00006454   Data          12  sysctl.o(.constdata)
    g_pulDCGCRegs                            0x00006460   Data          12  sysctl.o(.constdata)
    g_pulXtals                               0x0000646c   Data         108  sysctl.o(.constdata)
    g_ppulPeripheralMap                      0x000064d8   Data         288  sysctl.o(.constdata)
    .constdata                               0x000065f8   Section       64  log10f.o(.constdata)
    logahi                                   0x000065f8   Data          32  log10f.o(.constdata)
    logalo                                   0x00006618   Data          32  log10f.o(.constdata)
    .constdata                               0x00006638   Section      136  pow.o(.constdata)
    bp                                       0x00006638   Data          16  pow.o(.constdata)
    dp_h                                     0x00006648   Data          16  pow.o(.constdata)
    dp_l                                     0x00006658   Data          16  pow.o(.constdata)
    L                                        0x00006668   Data          48  pow.o(.constdata)
    P                                        0x00006698   Data          40  pow.o(.constdata)
    .constdata                               0x000066c0   Section      320  powf.o(.constdata)
    table                                    0x000066c0   Data         128  powf.o(.constdata)
    powersof2to1over16top                    0x00006740   Data          64  powf.o(.constdata)
    powersof2to1over16bot                    0x00006780   Data          64  powf.o(.constdata)
    powersof2to1over16all                    0x000067c0   Data          64  powf.o(.constdata)
    .constdata                               0x00006800   Section        8  qnan.o(.constdata)
    .conststring                             0x00006808   Section       34  uart.o(.conststring)
    .data                                    0x20000000   Section       64  main.o(.data)
    gls                                      0x20000014   Data           4  main.o(.data)
    .data                                    0x20000040   Section       88  adc.o(.data)
    adcCount                                 0x20000040   Data           4  adc.o(.data)
    modBuffer                                0x20000048   Data          80  adc.o(.data)
    .data                                    0x20000098   Section       32  time.o(.data)
    nextID                                   0x20000098   Data           4  time.o(.data)
    ticksInUS                                0x2000009c   Data           4  time.o(.data)
    pendingQueue                             0x200000a0   Data           4  time.o(.data)
    unusedQueue                              0x200000a4   Data           4  time.o(.data)
    systemTiming                             0x200000a8   Data           8  time.o(.data)
    sysTickTiming                            0x200000b0   Data           8  time.o(.data)
    .data                                    0x200000b8   Section      288  pwm.o(.data)
    modCount                                 0x200000b8   Data           4  pwm.o(.data)
    pwmCount                                 0x200000bc   Data           4  pwm.o(.data)
    modBuffer                                0x200000c0   Data         280  pwm.o(.data)
    .data                                    0x200001d8   Section      340  i2c.o(.data)
    i2cCount                                 0x200001d8   Data           4  i2c.o(.data)
    i2cBuffer                                0x200001dc   Data         336  i2c.o(.data)
    .data                                    0x2000032c   Section        8  common.o(.data)
    faultCallback                            0x2000032c   Data           4  common.o(.data)
    faultData                                0x20000330   Data           4  common.o(.data)
    .data                                    0x20000334   Section       12  uart.o(.data)
    ungotten                                 0x20000334   Data           1  uart.o(.data)
    echo                                     0x20000335   Data           1  uart.o(.data)
    hack_offset                              0x20000336   Data           1  uart.o(.data)
    upper                                    0x20000338   Data           4  uart.o(.data)
    lower                                    0x2000033c   Data           4  uart.o(.data)
    .data                                    0x20000340   Section        4  i2clinesensor.o(.data)
    lineSensorCount                          0x20000340   Data           4  i2clinesensor.o(.data)
    .data                                    0x20000344   Section        4  gpiolinesensor.o(.data)
    lineSensorCount                          0x20000344   Data           4  gpiolinesensor.o(.data)
    .data                                    0x20000348   Section        4  servomotor.o(.data)
    servoMotorCount                          0x20000348   Data           4  servomotor.o(.data)
    .data                                    0x2000034c   Section        4  tlemotor.o(.data)
    tleMotorCount                            0x2000034c   Data           4  tlemotor.o(.data)
    .bss                                     0x20000350   Section      512  startup.o(.bss)
    pulStack                                 0x20000350   Data         512  startup.o(.bss)
    .bss                                     0x20000550   Section      232  main.o(.bss)
    .bss                                     0x20000638   Section      336  adc.o(.bss)
    adcBuffer                                0x20000638   Data         336  adc.o(.bss)
    .bss                                     0x20000788   Section     5120  time.o(.bss)
    taskBuffer                               0x20000788   Data        5120  time.o(.bss)
    .bss                                     0x20001b88   Section      384  gpio.o(.bss)
    .bss                                     0x20001d08   Section     2112  pwm.o(.bss)
    pwmBuffer                                0x20001d08   Data        2112  pwm.o(.bss)
    .bss                                     0x20002548   Section     1248  i2clinesensor.o(.bss)
    lineSensorBuffer                         0x20002548   Data        1248  i2clinesensor.o(.bss)
    .bss                                     0x20002a28   Section     1680  gpiolinesensor.o(.bss)
    lineSensorBuffer                         0x20002a28   Data        1680  gpiolinesensor.o(.bss)
    .bss                                     0x200030b8   Section      576  servomotor.o(.bss)
    servoMotorBuffer                         0x200030b8   Data         576  servomotor.o(.bss)
    .bss                                     0x200032f8   Section      384  tlemotor.o(.bss)
    tleMotorBuffer                           0x200032f8   Data         384  tlemotor.o(.bss)
    .bss                                     0x20003478   Section       96  libspace.o(.bss)

    Global Symbols

    Symbol Name                              Value     Ov Type        Size  Object(Section)

    BuildAttributes$$THM_ISAv4$E$P$D$K$B$S$7EM$VFPi3$EXTD16$VFPS$VFMA$PE$A:L22UL41UL21$X:L11$S22US41US21$IEEE1$IW$USESV6$~STKCKD$USESV7$~SHL$OTIME$ROPI$IEEEX$EBA8$UX$STANDARDLIB$REQ8$PRES8$EABIv2 0x00000000   Number         0  anon$$obj.o ABSOLUTE
    __ARM_use_no_argv                        0x00000000   Number         0  main.o ABSOLUTE
    __Vectors                                0x00000000   Data         620  startup.o(.isr_vector)
    __ARM_exceptions_init                     - Undefined Weak Reference
    __alloca_initialize                       - Undefined Weak Reference
    __cpp_initialize__aeabi_                  - Undefined Weak Reference
    __cxa_finalize                            - Undefined Weak Reference
    __rt_locale                               - Undefined Weak Reference
    __sigvec_lookup                           - Undefined Weak Reference
    __user_heap_extent                        - Undefined Weak Reference
    _atexit_init                              - Undefined Weak Reference
    _call_atexit_fns                          - Undefined Weak Reference
    _clock_init                               - Undefined Weak Reference
    _fp_trap_init                             - Undefined Weak Reference
    _fp_trap_shutdown                         - Undefined Weak Reference
    _get_lc_collate                           - Undefined Weak Reference
    _get_lc_ctype                             - Undefined Weak Reference
    _get_lc_monetary                          - Undefined Weak Reference
    _get_lc_numeric                           - Undefined Weak Reference
    _get_lc_time                              - Undefined Weak Reference
    _getenv_init                              - Undefined Weak Reference
    _handle_redirection                       - Undefined Weak Reference
    _initio                                   - Undefined Weak Reference
    _mutex_acquire                            - Undefined Weak Reference
    _mutex_free                               - Undefined Weak Reference
    _mutex_release                            - Undefined Weak Reference
    _rand_init                                - Undefined Weak Reference
    _signal_finish                            - Undefined Weak Reference
    _signal_init                              - Undefined Weak Reference
    _terminateio                              - Undefined Weak Reference
    __main                                   0x0000026d   Thumb Code     8  __main.o(!!!main)
    __scatterload                            0x00000275   Thumb Code     0  __scatter.o(!!!scatter)
    __scatterload_rt2                        0x00000275   Thumb Code    44  __scatter.o(!!!scatter)
    __scatterload_rt2_thumb_only             0x00000275   Thumb Code     0  __scatter.o(!!!scatter)
    __scatterload_null                       0x00000283   Thumb Code     0  __scatter.o(!!!scatter)
    __scatterload_copy                       0x000002a9   Thumb Code    26  __scatter_copy.o(!!handler_copy)
    __scatterload_zeroinit                   0x000002c5   Thumb Code    28  __scatter_zi.o(!!handler_zi)
    __rt_lib_init                            0x000002e1   Thumb Code     0  libinit.o(.ARM.Collect$$libinit$$00000000)
    __rt_lib_init_fp_1                       0x000002e3   Thumb Code     0  libinit2.o(.ARM.Collect$$libinit$$00000001)
    __rt_lib_init_alloca_1                   0x000002e7   Thumb Code     0  libinit2.o(.ARM.Collect$$libinit$$0000002C)
    __rt_lib_init_argv_1                     0x000002e7   Thumb Code     0  libinit2.o(.ARM.Collect$$libinit$$0000002A)
    __rt_lib_init_atexit_1                   0x000002e7   Thumb Code     0  libinit2.o(.ARM.Collect$$libinit$$00000019)
    __rt_lib_init_clock_1                    0x000002e7   Thumb Code     0  libinit2.o(.ARM.Collect$$libinit$$0000001F)
    __rt_lib_init_cpp_1                      0x000002e7   Thumb Code     0  libinit2.o(.ARM.Collect$$libinit$$00000030)
    __rt_lib_init_exceptions_1               0x000002e7   Thumb Code     0  libinit2.o(.ARM.Collect$$libinit$$0000002E)
    __rt_lib_init_fp_trap_1                  0x000002e7   Thumb Code     0  libinit2.o(.ARM.Collect$$libinit$$0000001D)
    __rt_lib_init_getenv_1                   0x000002e7   Thumb Code     0  libinit2.o(.ARM.Collect$$libinit$$00000021)
    __rt_lib_init_heap_1                     0x000002e7   Thumb Code     0  libinit2.o(.ARM.Collect$$libinit$$00000008)
    __rt_lib_init_lc_collate_1               0x000002e7   Thumb Code     0  libinit2.o(.ARM.Collect$$libinit$$0000000F)
    __rt_lib_init_lc_ctype_1                 0x000002e7   Thumb Code     0  libinit2.o(.ARM.Collect$$libinit$$00000011)
    __rt_lib_init_lc_monetary_1              0x000002e7   Thumb Code     0  libinit2.o(.ARM.Collect$$libinit$$00000013)
    __rt_lib_init_lc_numeric_1               0x000002e7   Thumb Code     0  libinit2.o(.ARM.Collect$$libinit$$00000015)
    __rt_lib_init_lc_time_1                  0x000002e7   Thumb Code     0  libinit2.o(.ARM.Collect$$libinit$$00000017)
    __rt_lib_init_rand_1                     0x000002e7   Thumb Code     0  libinit2.o(.ARM.Collect$$libinit$$0000000C)
    __rt_lib_init_return                     0x000002e7   Thumb Code     0  libinit2.o(.ARM.Collect$$libinit$$00000031)
    __rt_lib_init_signal_1                   0x000002e7   Thumb Code     0  libinit2.o(.ARM.Collect$$libinit$$0000001B)
    __rt_lib_init_stdio_1                    0x000002e7   Thumb Code     0  libinit2.o(.ARM.Collect$$libinit$$00000023)
    __rt_lib_init_user_alloc_1               0x000002e7   Thumb Code     0  libinit2.o(.ARM.Collect$$libinit$$0000000A)
    __rt_lib_shutdown                        0x000002e9   Thumb Code     0  libshutdown.o(.ARM.Collect$$libshutdown$$00000000)
    __rt_lib_shutdown_fp_trap_1              0x000002eb   Thumb Code     0  libshutdown2.o(.ARM.Collect$$libshutdown$$00000006)
    __rt_lib_shutdown_heap_1                 0x000002eb   Thumb Code     0  libshutdown2.o(.ARM.Collect$$libshutdown$$0000000E)
    __rt_lib_shutdown_return                 0x000002eb   Thumb Code     0  libshutdown2.o(.ARM.Collect$$libshutdown$$0000000F)
    __rt_lib_shutdown_signal_1               0x000002eb   Thumb Code     0  libshutdown2.o(.ARM.Collect$$libshutdown$$00000009)
    __rt_lib_shutdown_stdio_1                0x000002eb   Thumb Code     0  libshutdown2.o(.ARM.Collect$$libshutdown$$00000003)
    __rt_lib_shutdown_user_alloc_1           0x000002eb   Thumb Code     0  libshutdown2.o(.ARM.Collect$$libshutdown$$0000000B)
    __rt_entry                               0x000002ed   Thumb Code     0  rtentry.o(.ARM.Collect$$rtentry$$00000000)
    __rt_entry_presh_1                       0x000002ed   Thumb Code     0  rtentry2.o(.ARM.Collect$$rtentry$$00000002)
    __rt_entry_sh                            0x000002ed   Thumb Code     0  rtentry4.o(.ARM.Collect$$rtentry$$00000004)
    __rt_entry_li                            0x000002f3   Thumb Code     0  rtentry2.o(.ARM.Collect$$rtentry$$0000000A)
    __rt_entry_postsh_1                      0x000002f3   Thumb Code     0  rtentry2.o(.ARM.Collect$$rtentry$$00000009)
    __rt_entry_main                          0x000002f7   Thumb Code     0  rtentry2.o(.ARM.Collect$$rtentry$$0000000D)
    __rt_entry_postli_1                      0x000002f7   Thumb Code     0  rtentry2.o(.ARM.Collect$$rtentry$$0000000C)
    __rt_exit                                0x000002ff   Thumb Code     0  rtexit.o(.ARM.Collect$$rtexit$$00000000)
    __rt_exit_ls                             0x00000301   Thumb Code     0  rtexit2.o(.ARM.Collect$$rtexit$$00000003)
    __rt_exit_prels_1                        0x00000301   Thumb Code     0  rtexit2.o(.ARM.Collect$$rtexit$$00000002)
    __rt_exit_exit                           0x00000305   Thumb Code     0  rtexit2.o(.ARM.Collect$$rtexit$$00000004)
    SysCtlDelay                              0x0000030d   Thumb Code     6  sysctl.o(.emb_text)
    CPUcpsid                                 0x00000315   Thumb Code     8  cpu.o(.emb_text)
    CPUprimask                               0x0000031d   Thumb Code     6  cpu.o(.emb_text)
    CPUcpsie                                 0x00000323   Thumb Code     8  cpu.o(.emb_text)
    CPUwfi                                   0x0000032b   Thumb Code     4  cpu.o(.emb_text)
    CPUbasepriSet                            0x0000032f   Thumb Code     6  cpu.o(.emb_text)
    CPUbasepriGet                            0x00000335   Thumb Code     6  cpu.o(.emb_text)
    ResetHandler                             0x0000033d   Thumb Code    54  startup.o(.text)
    NmiHandler                               0x00000373   Thumb Code     2  startup.o(.text)
    FaultHandler                             0x00000375   Thumb Code     8  startup.o(.text)
    IntDefaultHandler                        0x0000037d   Thumb Code     8  startup.o(.text)
    initGPIOLineSensor                       0x0000039d   Thumb Code    36  main.o(.text)
    initIRSensor                             0x000003c1   Thumb Code    24  main.o(.text)
    initMotor                                0x000003d9   Thumb Code    28  main.o(.text)
    forward                                  0x000003f5   Thumb Code   106  main.o(.text)
    turn                                     0x0000045f   Thumb Code   114  main.o(.text)
    setOrientation                           0x000004d1   Thumb Code    88  main.o(.text)
    sprint                                   0x00000529   Thumb Code   130  main.o(.text)
    releaseRest                              0x000005ab   Thumb Code    22  main.o(.text)
    explore                                  0x000005c1   Thumb Code   158  main.o(.text)
    init                                     0x0000065f   Thumb Code    70  main.o(.text)
    main                                     0x000006a5   Thumb Code     8  main.o(.text)
    InitializeTLEMotor                       0x000006ed   Thumb Code     4  motor.o(.text)
    InitializeServoMotor                     0x000006f1   Thumb Code     4  motor.o(.text)
    SetMotor                                 0x000006f5   Thumb Code     4  motor.o(.text)
    InitializeADC                            0x000006f9   Thumb Code   158  adc.o(.text)
    ADC0SS0Handler                           0x00000825   Thumb Code    48  adc.o(.text)
    ADC1SS0Handler                           0x00000855   Thumb Code    46  adc.o(.text)
    ADC0SS1Handler                           0x00000883   Thumb Code    88  adc.o(.text)
    ADC1SS1Handler                           0x000008db   Thumb Code    88  adc.o(.text)
    ADCTriggerHandler                        0x00000933   Thumb Code     8  adc.o(.text)
    ADCBackgroundRead                        0x0000093b   Thumb Code    56  adc.o(.text)
    ADCRead                                  0x00000973   Thumb Code    48  adc.o(.text)
    ADCReadContinuouslyUS                    0x000009a3   Thumb Code   120  adc.o(.text)
    ADCReadContinuously                      0x00000a1b   Thumb Code    36  adc.o(.text)
    InitializeSystemTime                     0x00000a65   Thumb Code   124  time.o(.text)
    GetTimeUS                                0x00000ae1   Thumb Code    50  time.o(.text)
    GetTime                                  0x00000b13   Thumb Code    24  time.o(.text)
    SysTickHandler                           0x00000b2b   Thumb Code    22  time.o(.text)
    WTimer5Handler                           0x00000b91   Thumb Code    96  time.o(.text)
    CallInUS                                 0x00000bf1   Thumb Code    78  time.o(.text)
    CallIn                                   0x00000c3f   Thumb Code    40  time.o(.text)
    CallEveryUS                              0x00000c67   Thumb Code    70  time.o(.text)
    CallEvery                                0x00000cad   Thumb Code    40  time.o(.text)
    CallStop                                 0x00000cd5   Thumb Code    42  time.o(.text)
    WaitUS                                   0x00000d05   Thumb Code    26  time.o(.text)
    Wait                                     0x00000d1f   Thumb Code    28  time.o(.text)
    PortAHandler                             0x00000d91   Thumb Code    62  gpio.o(.text)
    PortBHandler                             0x00000dcf   Thumb Code    66  gpio.o(.text)
    PortCHandler                             0x00000e11   Thumb Code    66  gpio.o(.text)
    PortDHandler                             0x00000e53   Thumb Code    66  gpio.o(.text)
    PortEHandler                             0x00000e95   Thumb Code    66  gpio.o(.text)
    PortFHandler                             0x00000ed7   Thumb Code    66  gpio.o(.text)
    InitializeGPIO                           0x00000f19   Thumb Code   132  gpio.o(.text)
    GetPin                                   0x00000f9d   Thumb Code    42  gpio.o(.text)
    SetPin                                   0x00000fc7   Thumb Code    50  gpio.o(.text)
    SetPinZ                                  0x00000ff9   Thumb Code    22  gpio.o(.text)
    PullUpPin                                0x0000100f   Thumb Code    26  gpio.o(.text)
    PullDownPin                              0x00001029   Thumb Code    26  gpio.o(.text)
    CallOnPin                                0x000010ab   Thumb Code     4  gpio.o(.text)
    CallOnPinRising                          0x000010af   Thumb Code     4  gpio.o(.text)
    CallOnPinFalling                         0x000010b3   Thumb Code     4  gpio.o(.text)
    SetPWM                                   0x0000115f   Thumb Code   152  pwm.o(.text)
    InitializePWM                            0x000011f7   Thumb Code   226  pwm.o(.text)
    WTimer0AHandler                          0x000012d9   Thumb Code    84  pwm.o(.text)
    WTimer0BHandler                          0x0000132d   Thumb Code    90  pwm.o(.text)
    WTimer1AHandler                          0x00001387   Thumb Code    84  pwm.o(.text)
    WTimer1BHandler                          0x000013db   Thumb Code    90  pwm.o(.text)
    WTimer2AHandler                          0x00001435   Thumb Code    84  pwm.o(.text)
    WTimer2BHandler                          0x00001489   Thumb Code    90  pwm.o(.text)
    WTimer3AHandler                          0x000014e3   Thumb Code    84  pwm.o(.text)
    WTimer3BHandler                          0x00001537   Thumb Code    90  pwm.o(.text)
    WTimer4AHandler                          0x00001591   Thumb Code   120  pwm.o(.text)
    WTimer4BHandler                          0x00001609   Thumb Code    88  pwm.o(.text)
    InitializeI2C                            0x00001751   Thumb Code    36  i2c.o(.text)
    I2CSuccess                               0x00001775   Thumb Code    26  i2c.o(.text)
    I2C0Handler                              0x0000178f   Thumb Code   156  i2c.o(.text)
    I2C1Handler                              0x0000182b   Thumb Code   156  i2c.o(.text)
    I2C2Handler                              0x000018c7   Thumb Code   156  i2c.o(.text)
    I2C3Handler                              0x00001963   Thumb Code   156  i2c.o(.text)
    I2C4Handler                              0x000019ff   Thumb Code   156  i2c.o(.text)
    I2C5Handler                              0x00001a9b   Thumb Code   190  i2c.o(.text)
    I2CBackgroundSend                        0x00001b59   Thumb Code   118  i2c.o(.text)
    I2CSend                                  0x00001bcf   Thumb Code    32  i2c.o(.text)
    I2CBackgroundReceive                     0x00001bef   Thumb Code   106  i2c.o(.text)
    I2CReceive                               0x00001c59   Thumb Code    32  i2c.o(.text)
    I2CBackgroundRequest                     0x00001c91   Thumb Code    62  i2c.o(.text)
    I2CRequest                               0x00001ccf   Thumb Code    44  i2c.o(.text)
    Dummy                                    0x00001d05   Thumb Code     2  common.o(.text)
    InitializeMCU                            0x00001d07   Thumb Code    40  common.o(.text)
    PanicHandler                             0x00001d37   Thumb Code     8  common.o(.text)
    InitializeI2CLineSensor                  0x00001d49   Thumb Code     4  linesensor.o(.text)
    InitializeGPIOLineSensor                 0x00001d4d   Thumb Code    20  linesensor.o(.text)
    LineSensorRead                           0x00001d61   Thumb Code     4  linesensor.o(.text)
    LineSensorReadArray                      0x00001d65   Thumb Code     4  linesensor.o(.text)
    LineSensorBackgroundRead                 0x00001d69   Thumb Code     4  linesensor.o(.text)
    LineSensorReadContinuouslyUS             0x00001d6d   Thumb Code    26  linesensor.o(.text)
    LineSensorReadContinuously               0x00001d87   Thumb Code     4  linesensor.o(.text)
    InitializeUART                           0x00001d8d   Thumb Code    64  uart.o(.text)
    InitializeDoublePrintHack                0x00001e21   Thumb Code    34  uart.o(.text)
    Putc                                     0x00001e43   Thumb Code     8  uart.o(.text)
    Getc                                     0x00001e4b   Thumb Code    38  uart.o(.text)
    SetEcho                                  0x00001e71   Thumb Code     6  uart.o(.text)
    unGetC                                   0x00001e77   Thumb Code     6  uart.o(.text)
    whiteSpaceP                              0x00001e7d   Thumb Code    20  uart.o(.text)
    matchCharP                               0x00001e91   Thumb Code    26  uart.o(.text)
    GetAToI                                  0x00001eab   Thumb Code    68  uart.o(.text)
    GetAToF                                  0x00001eef   Thumb Code    70  uart.o(.text)
    GetOToI                                  0x00001f35   Thumb Code    66  uart.o(.text)
    GetXToI                                  0x00001f77   Thumb Code   168  uart.o(.text)
    Scanf                                    0x0000201f   Thumb Code   614  uart.o(.text)
    Gets                                     0x00002285   Thumb Code    70  uart.o(.text)
    Puts                                     0x000022cb   Thumb Code    54  uart.o(.text)
    KeyWasPressed                            0x00002301   Thumb Code    16  uart.o(.text)
    Printf                                   0x000025e5   Thumb Code   510  uart.o(.text)
    _InitializeI2CLineSensor                 0x00002a21   Thumb Code    60  i2clinesensor.o(.text)
    _InitializeGPIOLineSensor                0x00002db7   Thumb Code   130  gpiolinesensor.o(.text)
    _InitializeServoMotor                    0x00002eb5   Thumb Code    54  servomotor.o(.text)
    _InitializeTLEMotor                      0x00002ff5   Thumb Code    68  tlemotor.o(.text)
    free                                     0x0000304d   Thumb Code    78  h1_free.o(.text)
    __aeabi_uldivmod                         0x0000309b   Thumb Code     0  lludivv7m.o(.text)
    _ll_udiv                                 0x0000309b   Thumb Code   238  lludivv7m.o(.text)
    __rt_heap_descriptor                     0x00003189   Thumb Code     8  rt_heap_descriptor_intlibspace.o(.text)
    __read_errno                             0x00003191   Thumb Code    10  _rserrno.o(.text)
    __set_errno                              0x0000319b   Thumb Code    12  _rserrno.o(.text)
    __user_libspace                          0x000031a9   Thumb Code     8  libspace.o(.text)
    __user_perproc_libspace                  0x000031a9   Thumb Code     0  libspace.o(.text)
    __user_perthread_libspace                0x000031a9   Thumb Code     0  libspace.o(.text)
    __aeabi_errno_addr                       0x000031b1   Thumb Code     8  rt_errno_addr_intlibspace.o(.text)
    __errno$intlibspace                      0x000031b1   Thumb Code     0  rt_errno_addr_intlibspace.o(.text)
    __rt_errno_addr$intlibspace              0x000031b1   Thumb Code     0  rt_errno_addr_intlibspace.o(.text)
    __user_setup_stackheap                   0x000031b9   Thumb Code    74  sys_stackheap_outer.o(.text)
    exit                                     0x00003203   Thumb Code    12  exit.o(.text)
    _sys_exit                                0x00003211   Thumb Code     8  sys_exit.o(.text)
    __I$use$semihosting                      0x0000321d   Thumb Code     0  use_no_semi.o(.text)
    __use_no_semihosting_swi                 0x0000321d   Thumb Code     2  use_no_semi.o(.text)
    __semihosting_library_function           0x0000321f   Thumb Code     0  indicate_semi.o(.text)
    __user_initial_stackheap                 0x00003221   Thumb Code    48  sys_stackheap.o(.text)
    _RW_Limit                                0x0000324c   Data           0  sys_stackheap.o(.text)
    ADCHardwareOversampleConfigure           0x00003251   Thumb Code    14  adc.o(i.ADCHardwareOversampleConfigure)
    ADCIntClear                              0x0000325f   Thumb Code    10  adc.o(i.ADCIntClear)
    ADCIntEnable                             0x00003269   Thumb Code    16  adc.o(i.ADCIntEnable)
    ADCProcessorTrigger                      0x00003279   Thumb Code    32  adc.o(i.ADCProcessorTrigger)
    ADCSequenceConfigure                     0x00003299   Thumb Code    50  adc.o(i.ADCSequenceConfigure)
    ADCSequenceDataGet                       0x000032cb   Thumb Code    36  adc.o(i.ADCSequenceDataGet)
    ADCSequenceDisable                       0x000032ef   Thumb Code    16  adc.o(i.ADCSequenceDisable)
    ADCSequenceEnable                        0x000032ff   Thumb Code    14  adc.o(i.ADCSequenceEnable)
    ADCSequenceStepConfigure                 0x0000330d   Thumb Code   132  adc.o(i.ADCSequenceStepConfigure)
    FPULazyStackingEnable                    0x00003391   Thumb Code    12  fpu.o(i.FPULazyStackingEnable)
    GPIODirModeSet                           0x000033a1   Thumb Code    40  gpio.o(i.GPIODirModeSet)
    GPIOIntTypeSet                           0x000033c9   Thumb Code    58  gpio.o(i.GPIOIntTypeSet)
    GPIOPadConfigSet                         0x00003403   Thumb Code   176  gpio.o(i.GPIOPadConfigSet)
    GPIOPinConfigure                         0x000034b5   Thumb Code    64  gpio.o(i.GPIOPinConfigure)
    GPIOPinIntClear                          0x000034fd   Thumb Code     6  gpio.o(i.GPIOPinIntClear)
    GPIOPinIntDisable                        0x00003503   Thumb Code    14  gpio.o(i.GPIOPinIntDisable)
    GPIOPinIntEnable                         0x00003511   Thumb Code    14  gpio.o(i.GPIOPinIntEnable)
    GPIOPinIntStatus                         0x0000351f   Thumb Code    14  gpio.o(i.GPIOPinIntStatus)
    GPIOPinRead                              0x0000352d   Thumb Code     6  gpio.o(i.GPIOPinRead)
    GPIOPinTypeADC                           0x00003533   Thumb Code    28  gpio.o(i.GPIOPinTypeADC)
    GPIOPinTypeGPIOInput                     0x0000354f   Thumb Code    28  gpio.o(i.GPIOPinTypeGPIOInput)
    GPIOPinTypeGPIOOutput                    0x0000356b   Thumb Code    28  gpio.o(i.GPIOPinTypeGPIOOutput)
    GPIOPinTypeI2C                           0x00003587   Thumb Code    28  gpio.o(i.GPIOPinTypeI2C)
    GPIOPinTypeI2CSCL                        0x000035a5   Thumb Code   124  gpio.o(i.GPIOPinTypeI2CSCL)
    GPIOPinTypeUART                          0x00003629   Thumb Code    28  gpio.o(i.GPIOPinTypeUART)
    GPIOPinWrite                             0x00003645   Thumb Code     6  gpio.o(i.GPIOPinWrite)
    I2CMasterControl                         0x0000364b   Thumb Code     4  i2c.o(i.I2CMasterControl)
    I2CMasterDataGet                         0x0000364f   Thumb Code     4  i2c.o(i.I2CMasterDataGet)
    I2CMasterDataPut                         0x00003653   Thumb Code     4  i2c.o(i.I2CMasterDataPut)
    I2CMasterEnable                          0x00003657   Thumb Code    10  i2c.o(i.I2CMasterEnable)
    I2CMasterErr                             0x00003661   Thumb Code    24  i2c.o(i.I2CMasterErr)
    I2CMasterInitExpClk                      0x00003679   Thumb Code    72  i2c.o(i.I2CMasterInitExpClk)
    I2CMasterIntClearEx                      0x000036cd   Thumb Code     4  i2c.o(i.I2CMasterIntClearEx)
    I2CMasterIntEnableEx                     0x000036d1   Thumb Code     8  i2c.o(i.I2CMasterIntEnableEx)
    I2CMasterIntStatusEx                     0x000036d9   Thumb Code    10  i2c.o(i.I2CMasterIntStatusEx)
    I2CMasterSlaveAddrSet                    0x000036e3   Thumb Code     8  i2c.o(i.I2CMasterSlaveAddrSet)
    I2CMasterTimeoutSet                      0x000036eb   Thumb Code     4  i2c.o(i.I2CMasterTimeoutSet)
    IntEnable                                0x000036f1   Thumb Code    92  interrupt.o(i.IntEnable)
    IntMasterEnable                          0x00003755   Thumb Code    10  interrupt.o(i.IntMasterEnable)
    SysCtlClockGet                           0x00003761   Thumb Code   514  sysctl.o(i.SysCtlClockGet)
    SysCtlClockSet                           0x00003991   Thumb Code   344  sysctl.o(i.SysCtlClockSet)
    SysCtlPeripheralEnable                   0x00003afd   Thumb Code    70  sysctl.o(i.SysCtlPeripheralEnable)
    SysCtlPeripheralReset                    0x00003b4d   Thumb Code   110  sysctl.o(i.SysCtlPeripheralReset)
    SysTickEnable                            0x00003bc5   Thumb Code    14  systick.o(i.SysTickEnable)
    SysTickIntEnable                         0x00003bd3   Thumb Code    14  systick.o(i.SysTickIntEnable)
    SysTickPeriodSet                         0x00003be1   Thumb Code    10  systick.o(i.SysTickPeriodSet)
    SysTickValueGet                          0x00003beb   Thumb Code     8  systick.o(i.SysTickValueGet)
    TimerConfigure                           0x00003bf3   Thumb Code    36  timer.o(i.TimerConfigure)
    TimerEnable                              0x00003c17   Thumb Code    14  timer.o(i.TimerEnable)
    TimerIntClear                            0x00003c25   Thumb Code     4  timer.o(i.TimerIntClear)
    TimerIntDisable                          0x00003c29   Thumb Code    10  timer.o(i.TimerIntDisable)
    TimerIntEnable                           0x00003c33   Thumb Code     8  timer.o(i.TimerIntEnable)
    TimerLoadSet                             0x00003c3b   Thumb Code    18  timer.o(i.TimerLoadSet)
    TimerLoadSet64                           0x00003c4d   Thumb Code     6  timer.o(i.TimerLoadSet64)
    UARTCharGet                              0x00003c53   Thumb Code    12  uart.o(i.UARTCharGet)
    UARTCharPut                              0x00003c5f   Thumb Code    12  uart.o(i.UARTCharPut)
    UARTCharsAvail                           0x00003c6b   Thumb Code    10  uart.o(i.UARTCharsAvail)
    UARTConfigSetExpClk                      0x00003c75   Thumb Code   110  uart.o(i.UARTConfigSetExpClk)
    __ARM_fpclassify                         0x00003ce3   Thumb Code    48  fpclassify.o(i.__ARM_fpclassify)
    __ARM_fpclassifyf                        0x00003d13   Thumb Code    38  fpclassifyf.o(i.__ARM_fpclassifyf)
    __ARM_isinff                             0x00003d39   Thumb Code    18  uart.o(i.__ARM_isinff)
    __ARM_isnanf                             0x00003d4b   Thumb Code    12  uart.o(i.__ARM_isnanf)
    __hardfp_floorf                          0x00003d59   Thumb Code    98  floorf.o(i.__hardfp_floorf)
    __hardfp_log10f                          0x00003dc9   Thumb Code   332  log10f.o(i.__hardfp_log10f)
    __hardfp_pow                             0x00003f51   Thumb Code  3132  pow.o(i.__hardfp_pow)
    __hardfp_powf                            0x00004be1   Thumb Code  1550  powf.o(i.__hardfp_powf)
    __mathlib_powf                           0x00004be1   Thumb Code     0  powf.o(i.__hardfp_powf)
    __kernel_poly                            0x00005215   Thumb Code   248  poly.o(i.__kernel_poly)
    __mathlib_dbl_underflow                  0x00005311   Thumb Code    24  dunder.o(i.__mathlib_dbl_underflow)
    __mathlib_flt_underflow                  0x00005331   Thumb Code    10  funder.o(i.__mathlib_flt_underflow)
    fabs                                     0x00005341   Thumb Code    32  fabs.o(i.fabs)
    sqrt                                     0x00005361   Thumb Code   110  sqrt.o(i.sqrt)
    __aeabi_dneg                             0x000053cf   Thumb Code     0  basic.o(x$fpl$basic)
    _dneg                                    0x000053cf   Thumb Code     6  basic.o(x$fpl$basic)
    __aeabi_fneg                             0x000053d5   Thumb Code     0  basic.o(x$fpl$basic)
    _fneg                                    0x000053d5   Thumb Code     6  basic.o(x$fpl$basic)
    _dabs                                    0x000053db   Thumb Code     6  basic.o(x$fpl$basic)
    _fabs                                    0x000053e1   Thumb Code     6  basic.o(x$fpl$basic)
    __aeabi_d2f                              0x000053e9   Thumb Code     0  d2f.o(x$fpl$d2f)
    _d2f                                     0x000053e9   Thumb Code    98  d2f.o(x$fpl$d2f)
    __aeabi_dadd                             0x0000544d   Thumb Code     0  daddsub_clz.o(x$fpl$dadd)
    _dadd                                    0x0000544d   Thumb Code   332  daddsub_clz.o(x$fpl$dadd)
    __fpl_dcheck_NaN1                        0x0000559d   Thumb Code    10  dcheck1.o(x$fpl$dcheck1)
    __fpl_dcmp_Inf                           0x000055ad   Thumb Code    24  dcmpi.o(x$fpl$dcmpinf)
    __aeabi_ddiv                             0x000055c5   Thumb Code     0  ddiv.o(x$fpl$ddiv)
    _ddiv                                    0x000055c5   Thumb Code   552  ddiv.o(x$fpl$ddiv)
    __aeabi_i2d                              0x00005875   Thumb Code     0  dflt_clz.o(x$fpl$dflt)
    _dflt                                    0x00005875   Thumb Code    46  dflt_clz.o(x$fpl$dflt)
    __aeabi_ui2d                             0x000058a3   Thumb Code     0  dflt_clz.o(x$fpl$dfltu)
    _dfltu                                   0x000058a3   Thumb Code    38  dflt_clz.o(x$fpl$dfltu)
    __aeabi_cdcmple                          0x000058c9   Thumb Code     0  dleqf.o(x$fpl$dleqf)
    _dcmple                                  0x000058c9   Thumb Code   120  dleqf.o(x$fpl$dleqf)
    __fpl_dcmple_InfNaN                      0x0000592b   Thumb Code     0  dleqf.o(x$fpl$dleqf)
    __aeabi_dmul                             0x00005941   Thumb Code     0  dmul.o(x$fpl$dmul)
    _dmul                                    0x00005941   Thumb Code   332  dmul.o(x$fpl$dmul)
    __fpl_dnaninf                            0x00005a95   Thumb Code   156  dnaninf.o(x$fpl$dnaninf)
    __fpl_dretinf                            0x00005b31   Thumb Code    12  dretinf.o(x$fpl$dretinf)
    __aeabi_cdrcmple                         0x00005b3d   Thumb Code     0  drleqf.o(x$fpl$drleqf)
    _drcmple                                 0x00005b3d   Thumb Code   108  drleqf.o(x$fpl$drleqf)
    __aeabi_drsub                            0x00005ba9   Thumb Code     0  daddsub_clz.o(x$fpl$drsb)
    _drsb                                    0x00005ba9   Thumb Code    22  daddsub_clz.o(x$fpl$drsb)
    _dsqrt                                   0x00005bc1   Thumb Code   404  dsqrt_umaal.o(x$fpl$dsqrt)
    __aeabi_dsub                             0x00005d59   Thumb Code     0  daddsub_clz.o(x$fpl$dsub)
    _dsub                                    0x00005d59   Thumb Code   464  daddsub_clz.o(x$fpl$dsub)
    __aeabi_f2d                              0x00005f2d   Thumb Code     0  f2d.o(x$fpl$f2d)
    _f2d                                     0x00005f2d   Thumb Code    86  f2d.o(x$fpl$f2d)
    __aeabi_ul2f                             0x00005f83   Thumb Code     0  ffltll_clz.o(x$fpl$ffltll)
    _ll_uto_f                                0x00005f83   Thumb Code     6  ffltll_clz.o(x$fpl$ffltll)
    __aeabi_l2f                              0x00005f89   Thumb Code     0  ffltll_clz.o(x$fpl$ffltll)
    _ll_sto_f                                0x00005f89   Thumb Code    90  ffltll_clz.o(x$fpl$ffltll)
    __fpl_fnaninf                            0x00005fe3   Thumb Code   140  fnaninf.o(x$fpl$fnaninf)
    _fp_init                                 0x0000606f   Thumb Code    10  fpinit.o(x$fpl$fpinit)
    __fplib_config_fpu_vfp                   0x00006077   Thumb Code     0  fpinit.o(x$fpl$fpinit)
    __fplib_config_pureend_doubles           0x00006077   Thumb Code     0  fpinit.o(x$fpl$fpinit)
    __fpl_fretinf                            0x00006079   Thumb Code    10  fretinf.o(x$fpl$fretinf)
    __aeabi_f2ulz                            0x00006085   Thumb Code     0  ffixull.o(x$fpl$llufromf)
    _ll_ufrom_f                              0x00006085   Thumb Code    92  ffixull.o(x$fpl$llufromf)
    __fpl_return_NaN                         0x000060e1   Thumb Code   100  retnan.o(x$fpl$retnan)
    __ARM_scalbn                             0x00006145   Thumb Code    92  scalbn.o(x$fpl$scalbn)
    __fpl_cmpreturn                          0x000061a1   Thumb Code    48  trapv.o(x$fpl$trapveneer)
    __I$use$fp                               0x000061d0   Number         0  usenofp.o(x$fpl$usenofp)
    PIN_PORTS                                0x00006290   Data          24  gpio.o(.constdata)
    __mathlib_zero                           0x00006800   Data           8  qnan.o(.constdata)
    Region$$Table$$Base                      0x0000682c   Number         0  anon$$obj.o(Region$$Table)
    Load$$ER_RW$$RW$$Base                    0x0000684c   Number         0  anon$$obj.o ABSOLUTE
    Region$$Table$$Limit                     0x0000684c   Number         0  anon$$obj.o(Region$$Table)
    Image$$ER_RW$$RW$$Base                   0x20000000   Number         0  main.o(.data)
    locCurrent                               0x20000000   Data           4  main.o(.data)
    locStart                                 0x20000004   Data           4  main.o(.data)
    locEnd                                   0x20000008   Data           4  main.o(.data)
    rightWall                                0x2000000c   Data           1  main.o(.data)
    frontWall                                0x2000000d   Data           1  main.o(.data)
    orientation                              0x20000010   Data           4  main.o(.data)
    endFound                                 0x20000018   Data           1  main.o(.data)
    ptr                                      0x2000001c   Data           4  main.o(.data)
    nextcell                                 0x20000020   Data           4  main.o(.data)
    adc                                      0x20000024   Data           8  main.o(.data)
    rightMotor                               0x2000002c   Data           4  main.o(.data)
    leftMotor                                0x20000030   Data           4  main.o(.data)
    frontSensor                              0x20000034   Data           4  main.o(.data)
    rightSensor                              0x20000038   Data           4  main.o(.data)
    criticalPath                             0x2000003c   Data           4  main.o(.data)
    Image$$ER_RW$$RW$$Limit                  0x20000350   Number         0  tlemotor.o(.data)
    Image$$ER_ZI$$ZI$$Base                   0x20000350   Number         0  startup.o(.bss)
    pastCells                                0x20000550   Data         200  main.o(.bss)
    line                                     0x20000618   Data          32  main.o(.bss)
    pinTaskBuffer                            0x20001b88   Data         384  gpio.o(.bss)
    __libspace_start                         0x20003478   Data          96  libspace.o(.bss)
    Image$$ER_ZI$$ZI$$Limit                  0x200034d8   Number         0  libspace.o(.bss)
    Image$$ZI$$Limit                         0x200034d8   Number         0  libspace.o(.bss)
    __temporary_stack_top$libspace           0x200034d8   Data           0  libspace.o(.bss)



==============================================================================

Memory Map of the image

  Image Entry point : 0x0000033d

  Load Region LR_1 (Base: 0x00000000, Size: 0x00006b9c, Max: 0xffffffff, ABSOLUTE)

    Execution Region ER_RO (Base: 0x00000000, Size: 0x0000684c, Max: 0xffffffff, ABSOLUTE)

    Base Addr    Size         Type   Attr      Idx    E Section Name        Object

    0x00000000   0x0000026c   Data   RO            3    .isr_vector         startup.o
    0x0000026c   0x00000008   Code   RO         2263  * !!!main             c_w.l(__main.o)
    0x00000274   0x00000034   Code   RO         2624    !!!scatter          c_w.l(__scatter.o)
    0x000002a8   0x0000001a   Code   RO         2626    !!handler_copy      c_w.l(__scatter_copy.o)
    0x000002c2   0x00000002   PAD
    0x000002c4   0x0000001c   Code   RO         2628    !!handler_zi        c_w.l(__scatter_zi.o)
    0x000002e0   0x00000002   Code   RO         2547    .ARM.Collect$$libinit$$00000000  c_w.l(libinit.o)
    0x000002e2   0x00000004   Code   RO         2469    .ARM.Collect$$libinit$$00000001  c_w.l(libinit2.o)
    0x000002e6   0x00000000   Code   RO         2473    .ARM.Collect$$libinit$$00000008  c_w.l(libinit2.o)
    0x000002e6   0x00000000   Code   RO         2475    .ARM.Collect$$libinit$$0000000A  c_w.l(libinit2.o)
    0x000002e6   0x00000000   Code   RO         2477    .ARM.Collect$$libinit$$0000000C  c_w.l(libinit2.o)
    0x000002e6   0x00000000   Code   RO         2480    .ARM.Collect$$libinit$$0000000F  c_w.l(libinit2.o)
    0x000002e6   0x00000000   Code   RO         2482    .ARM.Collect$$libinit$$00000011  c_w.l(libinit2.o)
    0x000002e6   0x00000000   Code   RO         2484    .ARM.Collect$$libinit$$00000013  c_w.l(libinit2.o)
    0x000002e6   0x00000000   Code   RO         2486    .ARM.Collect$$libinit$$00000015  c_w.l(libinit2.o)
    0x000002e6   0x00000000   Code   RO         2488    .ARM.Collect$$libinit$$00000017  c_w.l(libinit2.o)
    0x000002e6   0x00000000   Code   RO         2490    .ARM.Collect$$libinit$$00000019  c_w.l(libinit2.o)
    0x000002e6   0x00000000   Code   RO         2492    .ARM.Collect$$libinit$$0000001B  c_w.l(libinit2.o)
    0x000002e6   0x00000000   Code   RO         2494    .ARM.Collect$$libinit$$0000001D  c_w.l(libinit2.o)
    0x000002e6   0x00000000   Code   RO         2496    .ARM.Collect$$libinit$$0000001F  c_w.l(libinit2.o)
    0x000002e6   0x00000000   Code   RO         2498    .ARM.Collect$$libinit$$00000021  c_w.l(libinit2.o)
    0x000002e6   0x00000000   Code   RO         2500    .ARM.Collect$$libinit$$00000023  c_w.l(libinit2.o)
    0x000002e6   0x00000000   Code   RO         2504    .ARM.Collect$$libinit$$0000002A  c_w.l(libinit2.o)
    0x000002e6   0x00000000   Code   RO         2506    .ARM.Collect$$libinit$$0000002C  c_w.l(libinit2.o)
    0x000002e6   0x00000000   Code   RO         2508    .ARM.Collect$$libinit$$0000002E  c_w.l(libinit2.o)
    0x000002e6   0x00000000   Code   RO         2510    .ARM.Collect$$libinit$$00000030  c_w.l(libinit2.o)
    0x000002e6   0x00000002   Code   RO         2511    .ARM.Collect$$libinit$$00000031  c_w.l(libinit2.o)
    0x000002e8   0x00000002   Code   RO         2621    .ARM.Collect$$libshutdown$$00000000  c_w.l(libshutdown.o)
    0x000002ea   0x00000000   Code   RO         2579    .ARM.Collect$$libshutdown$$00000003  c_w.l(libshutdown2.o)
    0x000002ea   0x00000000   Code   RO         2582    .ARM.Collect$$libshutdown$$00000006  c_w.l(libshutdown2.o)
    0x000002ea   0x00000000   Code   RO         2585    .ARM.Collect$$libshutdown$$00000009  c_w.l(libshutdown2.o)
    0x000002ea   0x00000000   Code   RO         2587    .ARM.Collect$$libshutdown$$0000000B  c_w.l(libshutdown2.o)
    0x000002ea   0x00000000   Code   RO         2590    .ARM.Collect$$libshutdown$$0000000E  c_w.l(libshutdown2.o)
    0x000002ea   0x00000002   Code   RO         2591    .ARM.Collect$$libshutdown$$0000000F  c_w.l(libshutdown2.o)
    0x000002ec   0x00000000   Code   RO         2329    .ARM.Collect$$rtentry$$00000000  c_w.l(rtentry.o)
    0x000002ec   0x00000000   Code   RO         2427    .ARM.Collect$$rtentry$$00000002  c_w.l(rtentry2.o)
    0x000002ec   0x00000006   Code   RO         2439    .ARM.Collect$$rtentry$$00000004  c_w.l(rtentry4.o)
    0x000002f2   0x00000000   Code   RO         2429    .ARM.Collect$$rtentry$$00000009  c_w.l(rtentry2.o)
    0x000002f2   0x00000004   Code   RO         2430    .ARM.Collect$$rtentry$$0000000A  c_w.l(rtentry2.o)
    0x000002f6   0x00000000   Code   RO         2432    .ARM.Collect$$rtentry$$0000000C  c_w.l(rtentry2.o)
    0x000002f6   0x00000008   Code   RO         2433    .ARM.Collect$$rtentry$$0000000D  c_w.l(rtentry2.o)
    0x000002fe   0x00000002   Code   RO         2561    .ARM.Collect$$rtexit$$00000000  c_w.l(rtexit.o)
    0x00000300   0x00000000   Code   RO         2597    .ARM.Collect$$rtexit$$00000002  c_w.l(rtexit2.o)
    0x00000300   0x00000004   Code   RO         2598    .ARM.Collect$$rtexit$$00000003  c_w.l(rtexit2.o)
    0x00000304   0x00000006   Code   RO         2599    .ARM.Collect$$rtexit$$00000004  c_w.l(rtexit2.o)
    0x0000030a   0x00000002   PAD
    0x0000030c   0x00000006   Code   RO         1331    .emb_text           RASLib.lib(sysctl.o)
    0x00000312   0x00000002   PAD
    0x00000314   0x00000026   Code   RO         1906    .emb_text           RASLib.lib(cpu.o)
    0x0000033a   0x00000002   PAD
    0x0000033c   0x00000060   Code   RO            1  * .text               startup.o
    0x0000039c   0x00000350   Code   RO           26    .text               main.o
    0x000006ec   0x0000000c   Code   RO           79    .text               RASLib.lib(motor.o)
    0x000006f8   0x0000036c   Code   RO          107    .text               RASLib.lib(adc.o)
    0x00000a64   0x0000032c   Code   RO          150    .text               RASLib.lib(time.o)
    0x00000d90   0x00000358   Code   RO          172    .text               RASLib.lib(gpio.o)
    0x000010e8   0x000005fc   Code   RO          197    .text               RASLib.lib(pwm.o)
    0x000016e4   0x00000620   Code   RO          218    .text               RASLib.lib(i2c.o)
    0x00001d04   0x00000044   Code   RO          245    .text               RASLib.lib(common.o)
    0x00001d48   0x00000042   Code   RO          262    .text               RASLib.lib(linesensor.o)
    0x00001d8a   0x00000002   PAD
    0x00001d8c   0x00000afc   Code   RO          280    .text               RASLib.lib(uart.o)
    0x00002888   0x00000230   Code   RO          334    .text               RASLib.lib(i2clinesensor.o)
    0x00002ab8   0x000003c4   Code   RO          353    .text               RASLib.lib(gpiolinesensor.o)
    0x00002e7c   0x0000008c   Code   RO          368    .text               RASLib.lib(servomotor.o)
    0x00002f08   0x00000144   Code   RO          386    .text               RASLib.lib(tlemotor.o)
    0x0000304c   0x0000004e   Code   RO         2207    .text               c_w.l(h1_free.o)
    0x0000309a   0x000000ee   Code   RO         2261    .text               c_w.l(lludivv7m.o)
    0x00003188   0x00000008   Code   RO         2337    .text               c_w.l(rt_heap_descriptor_intlibspace.o)
    0x00003190   0x00000016   Code   RO         2361    .text               c_w.l(_rserrno.o)
    0x000031a6   0x00000002   PAD
    0x000031a8   0x00000008   Code   RO         2423    .text               c_w.l(libspace.o)
    0x000031b0   0x00000008   Code   RO         2446    .text               c_w.l(rt_errno_addr_intlibspace.o)
    0x000031b8   0x0000004a   Code   RO         2522    .text               c_w.l(sys_stackheap_outer.o)
    0x00003202   0x0000000c   Code   RO         2530    .text               c_w.l(exit.o)
    0x0000320e   0x00000002   PAD
    0x00003210   0x0000000c   Code   RO         2554    .text               c_w.l(sys_exit.o)
    0x0000321c   0x00000002   Code   RO         2556    .text               c_w.l(use_no_semi.o)
    0x0000321e   0x00000000   Code   RO         2558    .text               c_w.l(indicate_semi.o)
    0x0000321e   0x00000002   PAD
    0x00003220   0x00000030   Code   RO         2559    .text               c_w.l(sys_stackheap.o)
    0x00003250   0x0000000e   Code   RO          408    i.ADCHardwareOversampleConfigure  RASLib.lib(adc.o)
    0x0000325e   0x0000000a   Code   RO          409    i.ADCIntClear       RASLib.lib(adc.o)
    0x00003268   0x00000010   Code   RO          411    i.ADCIntEnable      RASLib.lib(adc.o)
    0x00003278   0x00000020   Code   RO          417    i.ADCProcessorTrigger  RASLib.lib(adc.o)
    0x00003298   0x00000032   Code   RO          422    i.ADCSequenceConfigure  RASLib.lib(adc.o)
    0x000032ca   0x00000024   Code   RO          423    i.ADCSequenceDataGet  RASLib.lib(adc.o)
    0x000032ee   0x00000010   Code   RO          424    i.ADCSequenceDisable  RASLib.lib(adc.o)
    0x000032fe   0x0000000e   Code   RO          425    i.ADCSequenceEnable  RASLib.lib(adc.o)
    0x0000330c   0x00000084   Code   RO          428    i.ADCSequenceStepConfigure  RASLib.lib(adc.o)
    0x00003390   0x00000010   Code   RO          635    i.FPULazyStackingEnable  RASLib.lib(fpu.o)
    0x000033a0   0x00000028   Code   RO          702    i.GPIODirModeSet    RASLib.lib(gpio.o)
    0x000033c8   0x0000003a   Code   RO          705    i.GPIOIntTypeSet    RASLib.lib(gpio.o)
    0x00003402   0x000000b0   Code   RO          707    i.GPIOPadConfigSet  RASLib.lib(gpio.o)
    0x000034b2   0x00000002   PAD
    0x000034b4   0x00000048   Code   RO          708    i.GPIOPinConfigure  RASLib.lib(gpio.o)
    0x000034fc   0x00000006   Code   RO          709    i.GPIOPinIntClear   RASLib.lib(gpio.o)
    0x00003502   0x0000000e   Code   RO          710    i.GPIOPinIntDisable  RASLib.lib(gpio.o)
    0x00003510   0x0000000e   Code   RO          711    i.GPIOPinIntEnable  RASLib.lib(gpio.o)
    0x0000351e   0x0000000e   Code   RO          712    i.GPIOPinIntStatus  RASLib.lib(gpio.o)
    0x0000352c   0x00000006   Code   RO          713    i.GPIOPinRead       RASLib.lib(gpio.o)
    0x00003532   0x0000001c   Code   RO          714    i.GPIOPinTypeADC    RASLib.lib(gpio.o)
    0x0000354e   0x0000001c   Code   RO          721    i.GPIOPinTypeGPIOInput  RASLib.lib(gpio.o)
    0x0000356a   0x0000001c   Code   RO          722    i.GPIOPinTypeGPIOOutput  RASLib.lib(gpio.o)
    0x00003586   0x0000001c   Code   RO          724    i.GPIOPinTypeI2C    RASLib.lib(gpio.o)
    0x000035a2   0x00000002   PAD
    0x000035a4   0x00000084   Code   RO          725    i.GPIOPinTypeI2CSCL  RASLib.lib(gpio.o)
    0x00003628   0x0000001c   Code   RO          734    i.GPIOPinTypeUART   RASLib.lib(gpio.o)
    0x00003644   0x00000006   Code   RO          737    i.GPIOPinWrite      RASLib.lib(gpio.o)
    0x0000364a   0x00000004   Code   RO          978    i.I2CMasterControl  RASLib.lib(i2c.o)
    0x0000364e   0x00000004   Code   RO          979    i.I2CMasterDataGet  RASLib.lib(i2c.o)
    0x00003652   0x00000004   Code   RO          980    i.I2CMasterDataPut  RASLib.lib(i2c.o)
    0x00003656   0x0000000a   Code   RO          982    i.I2CMasterEnable   RASLib.lib(i2c.o)
    0x00003660   0x00000018   Code   RO          983    i.I2CMasterErr      RASLib.lib(i2c.o)
    0x00003678   0x00000054   Code   RO          984    i.I2CMasterInitExpClk  RASLib.lib(i2c.o)
    0x000036cc   0x00000004   Code   RO          986    i.I2CMasterIntClearEx  RASLib.lib(i2c.o)
    0x000036d0   0x00000008   Code   RO          990    i.I2CMasterIntEnableEx  RASLib.lib(i2c.o)
    0x000036d8   0x0000000a   Code   RO          992    i.I2CMasterIntStatusEx  RASLib.lib(i2c.o)
    0x000036e2   0x00000008   Code   RO          994    i.I2CMasterSlaveAddrSet  RASLib.lib(i2c.o)
    0x000036ea   0x00000004   Code   RO          995    i.I2CMasterTimeoutSet  RASLib.lib(i2c.o)
    0x000036ee   0x00000002   PAD
    0x000036f0   0x00000064   Code   RO         1226    i.IntEnable         RASLib.lib(interrupt.o)
    0x00003754   0x0000000a   Code   RO         1229    i.IntMasterEnable   RASLib.lib(interrupt.o)
    0x0000375e   0x00000002   PAD
    0x00003760   0x00000230   Code   RO         1336    i.SysCtlClockGet    RASLib.lib(sysctl.o)
    0x00003990   0x0000016c   Code   RO         1337    i.SysCtlClockSet    RASLib.lib(sysctl.o)
    0x00003afc   0x00000050   Code   RO         1364    i.SysCtlPeripheralEnable  RASLib.lib(sysctl.o)
    0x00003b4c   0x00000078   Code   RO         1369    i.SysCtlPeripheralReset  RASLib.lib(sysctl.o)
    0x00003bc4   0x0000000e   Code   RO         1638    i.SysTickEnable     RASLib.lib(systick.o)
    0x00003bd2   0x0000000e   Code   RO         1640    i.SysTickIntEnable  RASLib.lib(systick.o)
    0x00003be0   0x0000000a   Code   RO         1644    i.SysTickPeriodSet  RASLib.lib(systick.o)
    0x00003bea   0x00000008   Code   RO         1645    i.SysTickValueGet   RASLib.lib(systick.o)
    0x00003bf2   0x00000024   Code   RO         1700    i.TimerConfigure    RASLib.lib(timer.o)
    0x00003c16   0x0000000e   Code   RO         1707    i.TimerEnable       RASLib.lib(timer.o)
    0x00003c24   0x00000004   Code   RO         1708    i.TimerIntClear     RASLib.lib(timer.o)
    0x00003c28   0x0000000a   Code   RO         1709    i.TimerIntDisable   RASLib.lib(timer.o)
    0x00003c32   0x00000008   Code   RO         1710    i.TimerIntEnable    RASLib.lib(timer.o)
    0x00003c3a   0x00000012   Code   RO         1716    i.TimerLoadSet      RASLib.lib(timer.o)
    0x00003c4c   0x00000006   Code   RO         1717    i.TimerLoadSet64    RASLib.lib(timer.o)
    0x00003c52   0x0000000c   Code   RO         1922    i.UARTCharGet       RASLib.lib(uart.o)
    0x00003c5e   0x0000000c   Code   RO         1924    i.UARTCharPut       RASLib.lib(uart.o)
    0x00003c6a   0x0000000a   Code   RO         1926    i.UARTCharsAvail    RASLib.lib(uart.o)
    0x00003c74   0x0000006e   Code   RO         1930    i.UARTConfigSetExpClk  RASLib.lib(uart.o)
    0x00003ce2   0x00000030   Code   RO         2402    i.__ARM_fpclassify  m_wm.l(fpclassify.o)
    0x00003d12   0x00000026   Code   RO         2404    i.__ARM_fpclassifyf  m_wm.l(fpclassifyf.o)
    0x00003d38   0x00000012   Code   RO          292    i.__ARM_isinff      RASLib.lib(uart.o)
    0x00003d4a   0x0000000c   Code   RO          297    i.__ARM_isnanf      RASLib.lib(uart.o)
    0x00003d56   0x00000002   PAD
    0x00003d58   0x00000070   Code   RO         2279    i.__hardfp_floorf   m_wm.l(floorf.o)
    0x00003dc8   0x00000184   Code   RO         2285    i.__hardfp_log10f   m_wm.l(log10f.o)
    0x00003f4c   0x00000004   PAD
    0x00003f50   0x00000c90   Code   RO         2299    i.__hardfp_pow      m_wm.l(pow.o)
    0x00004be0   0x00000634   Code   RO         2313    i.__hardfp_powf     m_wm.l(powf.o)
    0x00005214   0x000000f8   Code   RO         2408    i.__kernel_poly     m_wm.l(poly.o)
    0x0000530c   0x00000004   PAD
    0x00005310   0x00000020   Code   RO         2394    i.__mathlib_dbl_underflow  m_wm.l(dunder.o)
    0x00005330   0x00000010   Code   RO         2406    i.__mathlib_flt_underflow  m_wm.l(funder.o)
    0x00005340   0x00000020   Code   RO         2398    i.fabs              m_wm.l(fabs.o)
    0x00005360   0x0000006e   Code   RO         2413    i.sqrt              m_wm.l(sqrt.o)
    0x000053ce   0x00000018   Code   RO         2365    x$fpl$basic         fz_wm.l(basic.o)
    0x000053e6   0x00000002   PAD
    0x000053e8   0x00000062   Code   RO         2265    x$fpl$d2f           fz_wm.l(d2f.o)
    0x0000544a   0x00000002   PAD
    0x0000544c   0x00000150   Code   RO         2367    x$fpl$dadd          fz_wm.l(daddsub_clz.o)
    0x0000559c   0x00000010   Code   RO         2512    x$fpl$dcheck1       fz_wm.l(dcheck1.o)
    0x000055ac   0x00000018   Code   RO         2548    x$fpl$dcmpinf       fz_wm.l(dcmpi.o)
    0x000055c4   0x000002b0   Code   RO         2374    x$fpl$ddiv          fz_wm.l(ddiv.o)
    0x00005874   0x0000002e   Code   RO         2268    x$fpl$dflt          fz_wm.l(dflt_clz.o)
    0x000058a2   0x00000026   Code   RO         2267    x$fpl$dfltu         fz_wm.l(dflt_clz.o)
    0x000058c8   0x00000078   Code   RO         2514    x$fpl$dleqf         fz_wm.l(dleqf.o)
    0x00005940   0x00000154   Code   RO         2377    x$fpl$dmul          fz_wm.l(dmul.o)
    0x00005a94   0x0000009c   Code   RO         2379    x$fpl$dnaninf       fz_wm.l(dnaninf.o)
    0x00005b30   0x0000000c   Code   RO         2516    x$fpl$dretinf       fz_wm.l(dretinf.o)
    0x00005b3c   0x0000006c   Code   RO         2381    x$fpl$drleqf        fz_wm.l(drleqf.o)
    0x00005ba8   0x00000016   Code   RO         2368    x$fpl$drsb          fz_wm.l(daddsub_clz.o)
    0x00005bbe   0x00000002   PAD
    0x00005bc0   0x00000198   Code   RO         2518    x$fpl$dsqrt         fz_wm.l(dsqrt_umaal.o)
    0x00005d58   0x000001d4   Code   RO         2369    x$fpl$dsub          fz_wm.l(daddsub_clz.o)
    0x00005f2c   0x00000056   Code   RO         2383    x$fpl$f2d           fz_wm.l(f2d.o)
    0x00005f82   0x00000060   Code   RO         2277    x$fpl$ffltll        fz_wm.l(ffltll_clz.o)
    0x00005fe2   0x0000008c   Code   RO         2385    x$fpl$fnaninf       fz_wm.l(fnaninf.o)
    0x0000606e   0x0000000a   Code   RO         2550    x$fpl$fpinit        fz_wm.l(fpinit.o)
    0x00006078   0x0000000a   Code   RO         2387    x$fpl$fretinf       fz_wm.l(fretinf.o)
    0x00006082   0x00000002   PAD
    0x00006084   0x0000005c   Code   RO         2273    x$fpl$llufromf      fz_wm.l(ffixull.o)
    0x000060e0   0x00000064   Code   RO         2552    x$fpl$retnan        fz_wm.l(retnan.o)
    0x00006144   0x0000005c   Code   RO         2391    x$fpl$scalbn        fz_wm.l(scalbn.o)
    0x000061a0   0x00000030   Code   RO         2592    x$fpl$trapveneer    fz_wm.l(trapv.o)
    0x000061d0   0x00000000   Code   RO         2393    x$fpl$usenofp       fz_wm.l(usenofp.o)
    0x000061d0   0x000000c0   Data   RO          109    .constdata          RASLib.lib(adc.o)
    0x00006290   0x00000018   Data   RO          174    .constdata          RASLib.lib(gpio.o)
    0x000062a8   0x00000078   Data   RO          740    .constdata          RASLib.lib(gpio.o)
    0x00006320   0x0000010c   Data   RO         1240    .constdata          RASLib.lib(interrupt.o)
    0x0000642c   0x000001cc   Data   RO         1380    .constdata          RASLib.lib(sysctl.o)
    0x000065f8   0x00000040   Data   RO         2288    .constdata          m_wm.l(log10f.o)
    0x00006638   0x00000088   Data   RO         2302    .constdata          m_wm.l(pow.o)
    0x000066c0   0x00000140   Data   RO         2316    .constdata          m_wm.l(powf.o)
    0x00006800   0x00000008   Data   RO         2410    .constdata          m_wm.l(qnan.o)
    0x00006808   0x00000022   Data   RO          281    .conststring        RASLib.lib(uart.o)
    0x0000682a   0x00000002   PAD
    0x0000682c   0x00000020   Data   RO         2622    Region$$Table       anon$$obj.o


    Execution Region ER_RW (Base: 0x20000000, Size: 0x00000350, Max: 0xffffffff, ABSOLUTE)

    Base Addr    Size         Type   Attr      Idx    E Section Name        Object

    0x20000000   0x00000040   Data   RW           28    .data               main.o
    0x20000040   0x00000058   Data   RW          110    .data               RASLib.lib(adc.o)
    0x20000098   0x00000020   Data   RW          152    .data               RASLib.lib(time.o)
    0x200000b8   0x00000120   Data   RW          199    .data               RASLib.lib(pwm.o)
    0x200001d8   0x00000154   Data   RW          219    .data               RASLib.lib(i2c.o)
    0x2000032c   0x00000008   Data   RW          246    .data               RASLib.lib(common.o)
    0x20000334   0x0000000c   Data   RW          282    .data               RASLib.lib(uart.o)
    0x20000340   0x00000004   Data   RW          336    .data               RASLib.lib(i2clinesensor.o)
    0x20000344   0x00000004   Data   RW          355    .data               RASLib.lib(gpiolinesensor.o)
    0x20000348   0x00000004   Data   RW          370    .data               RASLib.lib(servomotor.o)
    0x2000034c   0x00000004   Data   RW          388    .data               RASLib.lib(tlemotor.o)


    Execution Region ER_ZI (Base: 0x20000350, Size: 0x00003188, Max: 0xffffffff, ABSOLUTE)

    Base Addr    Size         Type   Attr      Idx    E Section Name        Object

    0x20000350   0x00000200   Zero   RW            2    .bss                startup.o
    0x20000550   0x000000e8   Zero   RW           27    .bss                main.o
    0x20000638   0x00000150   Zero   RW          108    .bss                RASLib.lib(adc.o)
    0x20000788   0x00001400   Zero   RW          151    .bss                RASLib.lib(time.o)
    0x20001b88   0x00000180   Zero   RW          173    .bss                RASLib.lib(gpio.o)
    0x20001d08   0x00000840   Zero   RW          198    .bss                RASLib.lib(pwm.o)
    0x20002548   0x000004e0   Zero   RW          335    .bss                RASLib.lib(i2clinesensor.o)
    0x20002a28   0x00000690   Zero   RW          354    .bss                RASLib.lib(gpiolinesensor.o)
    0x200030b8   0x00000240   Zero   RW          369    .bss                RASLib.lib(servomotor.o)
    0x200032f8   0x00000180   Zero   RW          387    .bss                RASLib.lib(tlemotor.o)
    0x20003478   0x00000060   Zero   RW         2424    .bss                c_w.l(libspace.o)


==============================================================================

Image component sizes


      Code (inc. data)   RO Data    RW Data    ZI Data      Debug   Object Name

       848         64          0         64        232       4561   main.o
        96         24        620          0        512       3491   startup.o

    ----------------------------------------------------------------------
       944         88        652         64        744       8052   Object Totals
         0          0         32          0          0          0   (incl. Generated)
         0          0          0          0          0          0   (incl. Padding)

    ----------------------------------------------------------------------

      Code (inc. data)   RO Data    RW Data    ZI Data      Debug   Library Member Name

      1196         38        192         88        336      13806   adc.o
        68         10          0          8          0        927   common.o
        38          0          0          0          0        504   cpu.o
        16          4          0          0          0        404   fpu.o
      1534         66        144          0        384      14948   gpio.o
       964         68          0          4       1680       5008   gpiolinesensor.o
      1732         58          0        340          0      13692   i2c.o
       560         60          0          4       1248       3707   i2clinesensor.o
       110          8        268          0          0       1746   interrupt.o
        66          0          0          0          0       2859   linesensor.o
        12          0          0          0          0       5667   motor.o
      1532         48          0        288       2112       6399   pwm.o
       140         30          0          4        576       1420   servomotor.o
      1130         86        460          0          0       5264   sysctl.o
        46          0          0          0          0       1688   systick.o
       812         36          0         32       5120       4668   time.o
        96          0          0          0          0       3430   timer.o
       324         20          0          4        384       1618   tlemotor.o
      2986        174         34         12          0      15972   uart.o
         8          0          0          0          0         68   __main.o
        52          8          0          0          0          0   __scatter.o
        26          0          0          0          0          0   __scatter_copy.o
        28          0          0          0          0          0   __scatter_zi.o
        22          0          0          0          0        100   _rserrno.o
        12          0          0          0          0         72   exit.o
        78          0          0          0          0         80   h1_free.o
         0          0          0          0          0          0   indicate_semi.o
         2          0          0          0          0          0   libinit.o
         6          0          0          0          0          0   libinit2.o
         2          0          0          0          0          0   libshutdown.o
         2          0          0          0          0          0   libshutdown2.o
         8          4          0          0         96         68   libspace.o
       238          0          0          0          0        100   lludivv7m.o
         8          4          0          0          0         68   rt_errno_addr_intlibspace.o
         8          4          0          0          0         68   rt_heap_descriptor_intlibspace.o
         0          0          0          0          0          0   rtentry.o
        12          0          0          0          0          0   rtentry2.o
         6          0          0          0          0          0   rtentry4.o
         2          0          0          0          0          0   rtexit.o
        10          0          0          0          0          0   rtexit2.o
        12          4          0          0          0         68   sys_exit.o
        48          8          0          0          0         80   sys_stackheap.o
        74          0          0          0          0         80   sys_stackheap_outer.o
         2          0          0          0          0         68   use_no_semi.o
        24          0          0          0          0        164   basic.o
        98          4          0          0          0        140   d2f.o
       826         16          0          0          0        492   daddsub_clz.o
        16          4          0          0          0        116   dcheck1.o
        24          0          0          0          0        116   dcmpi.o
       688        140          0          0          0        256   ddiv.o
        84          0          0          0          0        232   dflt_clz.o
       120          4          0          0          0        140   dleqf.o
       340         12          0          0          0        152   dmul.o
       156          4          0          0          0        140   dnaninf.o
        12          0          0          0          0        116   dretinf.o
       108          0          0          0          0        128   drleqf.o
       408         56          0          0          0        168   dsqrt_umaal.o
        86          4          0          0          0        132   f2d.o
        92          4          0          0          0        132   ffixull.o
        96          0          0          0          0        132   ffltll_clz.o
       140          4          0          0          0        132   fnaninf.o
        10          0          0          0          0        116   fpinit.o
        10          0          0          0          0        116   fretinf.o
       100          0          0          0          0        116   retnan.o
        92          0          0          0          0        116   scalbn.o
        48          0          0          0          0        116   trapv.o
         0          0          0          0          0          0   usenofp.o
        32          8          0          0          0        124   dunder.o
        32          0          0          0          0        124   fabs.o
       112         14          0          0          0        116   floorf.o
        48          0          0          0          0        124   fpclassify.o
        38          0          0          0          0        116   fpclassifyf.o
        16          6          0          0          0        116   funder.o
       388         56         64          0          0        124   log10f.o
       248          0          0          0          0        152   poly.o
      3216        310        136          0          0        216   pow.o
      1588        140        320          0          0        344   powf.o
         0          0          8          0          0          0   qnan.o
       110          0          0          0          0        148   sqrt.o

    ----------------------------------------------------------------------
     23476       1528       1628        784      11936     109819   Library Totals
        42          4          2          0          0          0   (incl. Padding)

    ----------------------------------------------------------------------

      Code (inc. data)   RO Data    RW Data    ZI Data      Debug   Library Name

     13362        706       1098        784      11840     103727   RASLib.lib
       666         32          0          0         96        920   c_w.l
      3578        252          0          0          0       3468   fz_wm.l
      5828        534        528          0          0       1704   m_wm.l

    ----------------------------------------------------------------------
     23476       1528       1628        784      11936     109819   Library Totals

    ----------------------------------------------------------------------

==============================================================================


      Code (inc. data)   RO Data    RW Data    ZI Data      Debug   

     24420       1616       2280        848      12680     106351   Grand Totals
     24420       1616       2280        848      12680     106351   ELF Image Totals
     24420       1616       2280        848          0          0   ROM Totals

==============================================================================

    Total RO  Size (Code + RO Data)                26700 (  26.07kB)
    Total RW  Size (RW Data + ZI Data)             13528 (  13.21kB)
    Total ROM Size (Code + RO Data + RW Data)      27548 (  26.90kB)

==============================================================================

